<?xml version="1.0"?>
<link_info>
   <banner>TMS320C55x Linker PC v4.4.1</banner>
   <copyright>Copyright (c) 1996-2012 Texas Instruments Incorporated</copyright>
   <link_time>0x57397b25</link_time>
   <output_file>D:/Program files/CCSproject_source/my_i2cFLASHBURN/I2C_FLASHBURN/I2C_FLASHBURN/../Debug/I2C_FLASHBURN.out</output_file>
   <entry_point>
      <name>_c_int00</name>
      <address>0xbad3</address>
   </entry_point>
   <input_file_list>
      <input_file id="fl-2">
         <path>D:\Program files\CCSproject_source\my_i2cFLASHBURN\I2C_FLASHBURN\Debug\</path>
         <kind>object</kind>
         <file>I2C_FLASHBURN_main.obj</file>
         <name>I2C_FLASHBURN_main.obj</name>
      </input_file>
      <input_file id="fl-7">
         <path>..\</path>
         <kind>archive</kind>
         <file>csl5509.lib</file>
         <name>_csl_init.obj</name>
      </input_file>
      <input_file id="fl-8">
         <path>..\</path>
         <kind>archive</kind>
         <file>csl5509.lib</file>
         <name>csl.obj</name>
      </input_file>
      <input_file id="fl-9">
         <path>..\</path>
         <kind>archive</kind>
         <file>csl5509.lib</file>
         <name>csl_csldat.obj</name>
      </input_file>
      <input_file id="fl-a">
         <path>..\</path>
         <kind>archive</kind>
         <file>csl5509.lib</file>
         <name>i2c_read.obj</name>
      </input_file>
      <input_file id="fl-b">
         <path>..\</path>
         <kind>archive</kind>
         <file>csl5509.lib</file>
         <name>i2c_setup.obj</name>
      </input_file>
      <input_file id="fl-c">
         <path>..\</path>
         <kind>archive</kind>
         <file>csl5509.lib</file>
         <name>i2c_write.obj</name>
      </input_file>
      <input_file id="fl-d">
         <path>..\</path>
         <kind>archive</kind>
         <file>csl5509.lib</file>
         <name>irq_gdisab.obj</name>
      </input_file>
      <input_file id="fl-e">
         <path>..\</path>
         <kind>archive</kind>
         <file>csl5509.lib</file>
         <name>irq_grest.obj</name>
      </input_file>
      <input_file id="fl-f">
         <path>..\</path>
         <kind>archive</kind>
         <file>csl5509.lib</file>
         <name>mcbsp_cfg.obj</name>
      </input_file>
      <input_file id="fl-10">
         <path>..\</path>
         <kind>archive</kind>
         <file>csl5509.lib</file>
         <name>mcbsp_open.obj</name>
      </input_file>
      <input_file id="fl-11">
         <path>..\</path>
         <kind>archive</kind>
         <file>csl5509.lib</file>
         <name>mcbsp_rst.obj</name>
      </input_file>
      <input_file id="fl-12">
         <path>..\</path>
         <kind>archive</kind>
         <file>csl5509.lib</file>
         <name>mcbsp_start.obj</name>
      </input_file>
      <input_file id="fl-13">
         <path>..\</path>
         <kind>archive</kind>
         <file>csl5509.lib</file>
         <name>pll_cfg.obj</name>
      </input_file>
      <input_file id="fl-14">
         <path>..\</path>
         <kind>archive</kind>
         <file>csl5509.lib</file>
         <name>csl_mcbspdat.obj</name>
      </input_file>
      <input_file id="fl-15">
         <path>..\</path>
         <kind>archive</kind>
         <file>rts55.lib</file>
         <name>boot.obj</name>
      </input_file>
      <input_file id="fl-16">
         <path>..\</path>
         <kind>archive</kind>
         <file>rts55.lib</file>
         <name>exit.obj</name>
      </input_file>
      <input_file id="fl-17">
         <path>..\</path>
         <kind>archive</kind>
         <file>rts55.lib</file>
         <name>udiv.obj</name>
      </input_file>
      <input_file id="fl-18">
         <path>..\</path>
         <kind>archive</kind>
         <file>rts55.lib</file>
         <name>vectors.obj</name>
      </input_file>
      <input_file id="fl-19">
         <path>..\</path>
         <kind>archive</kind>
         <file>rts55.lib</file>
         <name>_lock.obj</name>
      </input_file>
      <input_file id="fl-1a">
         <path>..\</path>
         <kind>archive</kind>
         <file>rts55.lib</file>
         <name>args_main.obj</name>
      </input_file>
      <input_file id="fl-1b">
         <path>..\</path>
         <kind>archive</kind>
         <file>rts55.lib</file>
         <name>printf.obj</name>
      </input_file>
      <input_file id="fl-1c">
         <path>..\</path>
         <kind>archive</kind>
         <file>rts55.lib</file>
         <name>autoinit.obj</name>
      </input_file>
      <input_file id="fl-1d">
         <path>..\</path>
         <kind>archive</kind>
         <file>rts55.lib</file>
         <name>_printfi.obj</name>
      </input_file>
      <input_file id="fl-1e">
         <path>..\</path>
         <kind>archive</kind>
         <file>rts55.lib</file>
         <name>atoi.obj</name>
      </input_file>
      <input_file id="fl-1f">
         <path>..\</path>
         <kind>archive</kind>
         <file>rts55.lib</file>
         <name>ctype.obj</name>
      </input_file>
      <input_file id="fl-20">
         <path>..\</path>
         <kind>archive</kind>
         <file>rts55.lib</file>
         <name>defs.obj</name>
      </input_file>
      <input_file id="fl-21">
         <path>..\</path>
         <kind>archive</kind>
         <file>rts55.lib</file>
         <name>fputc.obj</name>
      </input_file>
      <input_file id="fl-22">
         <path>..\</path>
         <kind>archive</kind>
         <file>rts55.lib</file>
         <name>fputs.obj</name>
      </input_file>
      <input_file id="fl-23">
         <path>..\</path>
         <kind>archive</kind>
         <file>rts55.lib</file>
         <name>lowlev.obj</name>
      </input_file>
      <input_file id="fl-24">
         <path>..\</path>
         <kind>archive</kind>
         <file>rts55.lib</file>
         <name>ltoa.obj</name>
      </input_file>
      <input_file id="fl-25">
         <path>..\</path>
         <kind>archive</kind>
         <file>rts55.lib</file>
         <name>memccpy.obj</name>
      </input_file>
      <input_file id="fl-26">
         <path>..\</path>
         <kind>archive</kind>
         <file>rts55.lib</file>
         <name>trgdrv.obj</name>
      </input_file>
      <input_file id="fl-27">
         <path>..\</path>
         <kind>archive</kind>
         <file>rts55.lib</file>
         <name>llmpy.obj</name>
      </input_file>
      <input_file id="fl-28">
         <path>..\</path>
         <kind>archive</kind>
         <file>rts55.lib</file>
         <name>memcpy.obj</name>
      </input_file>
      <input_file id="fl-29">
         <path>..\</path>
         <kind>archive</kind>
         <file>rts55.lib</file>
         <name>trgmsg.obj</name>
      </input_file>
      <input_file id="fl-2a">
         <path>..\</path>
         <kind>archive</kind>
         <file>rts55.lib</file>
         <name>cmpd.obj</name>
      </input_file>
      <input_file id="fl-2b">
         <path>..\</path>
         <kind>archive</kind>
         <file>rts55.lib</file>
         <name>divd.obj</name>
      </input_file>
      <input_file id="fl-2c">
         <path>..\</path>
         <kind>archive</kind>
         <file>rts55.lib</file>
         <name>divli.obj</name>
      </input_file>
      <input_file id="fl-2d">
         <path>..\</path>
         <kind>archive</kind>
         <file>rts55.lib</file>
         <name>divul.obj</name>
      </input_file>
      <input_file id="fl-2e">
         <path>..\</path>
         <kind>archive</kind>
         <file>rts55.lib</file>
         <name>fixdi.obj</name>
      </input_file>
      <input_file id="fl-2f">
         <path>..\</path>
         <kind>archive</kind>
         <file>rts55.lib</file>
         <name>fixdli.obj</name>
      </input_file>
      <input_file id="fl-30">
         <path>..\</path>
         <kind>archive</kind>
         <file>rts55.lib</file>
         <name>fltlid.obj</name>
      </input_file>
      <input_file id="fl-31">
         <path>..\</path>
         <kind>archive</kind>
         <file>rts55.lib</file>
         <name>frcmpyd_div.obj</name>
      </input_file>
      <input_file id="fl-32">
         <path>..\</path>
         <kind>archive</kind>
         <file>rts55.lib</file>
         <name>isinf.obj</name>
      </input_file>
      <input_file id="fl-33">
         <path>..\</path>
         <kind>archive</kind>
         <file>rts55.lib</file>
         <name>mpyd.obj</name>
      </input_file>
      <input_file id="fl-34">
         <path>..\</path>
         <kind>archive</kind>
         <file>rts55.lib</file>
         <name>negd.obj</name>
      </input_file>
      <input_file id="fl-35">
         <path>..\</path>
         <kind>archive</kind>
         <file>rts55.lib</file>
         <name>remli.obj</name>
      </input_file>
      <input_file id="fl-36">
         <path>..\</path>
         <kind>archive</kind>
         <file>rts55.lib</file>
         <name>remul.obj</name>
      </input_file>
      <input_file id="fl-37">
         <path>..\</path>
         <kind>archive</kind>
         <file>rts55.lib</file>
         <name>subd.obj</name>
      </input_file>
      <input_file id="fl-38">
         <path>..\</path>
         <kind>archive</kind>
         <file>rts55.lib</file>
         <name>_io_perm.obj</name>
      </input_file>
      <input_file id="fl-39">
         <path>..\</path>
         <kind>archive</kind>
         <file>rts55.lib</file>
         <name>fflush.obj</name>
      </input_file>
      <input_file id="fl-3a">
         <path>..\</path>
         <kind>archive</kind>
         <file>rts55.lib</file>
         <name>fseek.obj</name>
      </input_file>
      <input_file id="fl-3b">
         <path>..\</path>
         <kind>archive</kind>
         <file>rts55.lib</file>
         <name>setvbuf.obj</name>
      </input_file>
      <input_file id="fl-3c">
         <path>..\</path>
         <kind>archive</kind>
         <file>rts55.lib</file>
         <name>lmpy.obj</name>
      </input_file>
      <input_file id="fl-3d">
         <path>..\</path>
         <kind>archive</kind>
         <file>rts55.lib</file>
         <name>memory.obj</name>
      </input_file>
      <input_file id="fl-3e">
         <path>..\</path>
         <kind>archive</kind>
         <file>rts55.lib</file>
         <name>addd.obj</name>
      </input_file>
      <input_file id="fl-3f">
         <path>..\</path>
         <kind>archive</kind>
         <file>rts55.lib</file>
         <name>frcmpyd.obj</name>
      </input_file>
      <input_file id="fl-40">
         <path>..\</path>
         <kind>archive</kind>
         <file>rts55.lib</file>
         <name>fopen.obj</name>
      </input_file>
      <input_file id="fl-41">
         <path>..\</path>
         <kind>archive</kind>
         <file>rts55.lib</file>
         <name>fclose.obj</name>
      </input_file>
      <input_file id="fl-42">
         <path>..\</path>
         <kind>archive</kind>
         <file>rts55.lib</file>
         <name>remove.obj</name>
      </input_file>
   </input_file_list>
   <object_component_list>
      <object_component id="oc-6c">
         <name>.text</name>
         <load_address>0x77d4</load_address>
         <run_address>0x77d4</run_address>
         <size>0x12f6</size>
         <input_file_ref idref="fl-1d"/>
      </object_component>
      <object_component id="oc-85">
         <name>.text</name>
         <load_address>0x8aca</load_address>
         <run_address>0x8aca</run_address>
         <size>0x46c</size>
         <input_file_ref idref="fl-23"/>
      </object_component>
      <object_component id="oc-93">
         <name>.text</name>
         <load_address>0x8f36</load_address>
         <run_address>0x8f36</run_address>
         <size>0x465</size>
         <input_file_ref idref="fl-26"/>
      </object_component>
      <object_component id="oc-3">
         <name>.text</name>
         <load_address>0x939b</load_address>
         <run_address>0x939b</run_address>
         <size>0x40e</size>
         <input_file_ref idref="fl-2"/>
      </object_component>
      <object_component id="oc-f4">
         <name>.text</name>
         <load_address>0x97a9</load_address>
         <run_address>0x97a9</run_address>
         <size>0x380</size>
         <input_file_ref idref="fl-3d"/>
      </object_component>
      <object_component id="oc-aa">
         <name>.text</name>
         <load_address>0x9b29</load_address>
         <run_address>0x9b29</run_address>
         <size>0x362</size>
         <input_file_ref idref="fl-2b"/>
      </object_component>
      <object_component id="oc-fb">
         <name>.text</name>
         <load_address>0x9e8b</load_address>
         <run_address>0x9e8b</run_address>
         <size>0x25f</size>
         <input_file_ref idref="fl-3e"/>
      </object_component>
      <object_component id="oc-98">
         <name>.text</name>
         <load_address>0xa0ea</load_address>
         <run_address>0xa0ea</run_address>
         <size>0x25e</size>
         <input_file_ref idref="fl-27"/>
      </object_component>
      <object_component id="oc-103">
         <name>.text</name>
         <load_address>0xa348</load_address>
         <run_address>0xa348</run_address>
         <size>0x222</size>
         <input_file_ref idref="fl-40"/>
      </object_component>
      <object_component id="oc-a6">
         <name>.text</name>
         <load_address>0xa56a</load_address>
         <run_address>0xa56a</run_address>
         <size>0x1ea</size>
         <input_file_ref idref="fl-2a"/>
      </object_component>
      <object_component id="oc-35">
         <name>.text:MCBSP_reset</name>
         <load_address>0xa754</load_address>
         <run_address>0xa754</run_address>
         <size>0x1e8</size>
         <input_file_ref idref="fl-11"/>
      </object_component>
      <object_component id="oc-21">
         <name>.text:I2C_write</name>
         <load_address>0xa93c</load_address>
         <run_address>0xa93c</run_address>
         <size>0x1ab</size>
         <input_file_ref idref="fl-c"/>
      </object_component>
      <object_component id="oc-19">
         <name>.text:I2C_read</name>
         <load_address>0xaae7</load_address>
         <run_address>0xaae7</run_address>
         <size>0x164</size>
         <input_file_ref idref="fl-a"/>
      </object_component>
      <object_component id="oc-cc">
         <name>.text</name>
         <load_address>0xac4b</load_address>
         <run_address>0xac4b</run_address>
         <size>0x158</size>
         <input_file_ref idref="fl-33"/>
      </object_component>
      <object_component id="oc-2d">
         <name>.text:MCBSP_config</name>
         <load_address>0xada3</load_address>
         <run_address>0xada3</run_address>
         <size>0x12b</size>
         <input_file_ref idref="fl-f"/>
      </object_component>
      <object_component id="oc-80">
         <name>.text</name>
         <load_address>0xaece</load_address>
         <run_address>0xaece</run_address>
         <size>0x12a</size>
         <input_file_ref idref="fl-22"/>
      </object_component>
      <object_component id="oc-31">
         <name>.text:MCBSP_open</name>
         <load_address>0xaff8</load_address>
         <run_address>0xaff8</run_address>
         <size>0xe4</size>
         <input_file_ref idref="fl-10"/>
      </object_component>
      <object_component id="oc-c4">
         <name>.text</name>
         <load_address>0xb0dc</load_address>
         <run_address>0xb0dc</run_address>
         <size>0xc8</size>
         <input_file_ref idref="fl-31"/>
      </object_component>
      <object_component id="oc-e0">
         <name>.text</name>
         <load_address>0xb1a4</load_address>
         <run_address>0xb1a4</run_address>
         <size>0xb4</size>
         <input_file_ref idref="fl-38"/>
      </object_component>
      <object_component id="oc-ec">
         <name>.text</name>
         <load_address>0xb258</load_address>
         <run_address>0xb258</run_address>
         <size>0xad</size>
         <input_file_ref idref="fl-3b"/>
      </object_component>
      <object_component id="oc-e4">
         <name>.text</name>
         <load_address>0xb305</load_address>
         <run_address>0xb305</run_address>
         <size>0xaa</size>
         <input_file_ref idref="fl-39"/>
      </object_component>
      <object_component id="oc-a3">
         <name>.text:CIO_breakpoint</name>
         <load_address>0xb3af</load_address>
         <run_address>0xb3af</run_address>
         <size>0xa8</size>
         <input_file_ref idref="fl-29"/>
      </object_component>
      <object_component id="oc-b3">
         <name>.text</name>
         <load_address>0xb457</load_address>
         <run_address>0xb457</run_address>
         <size>0xa1</size>
         <input_file_ref idref="fl-2d"/>
      </object_component>
      <object_component id="oc-7c">
         <name>.text</name>
         <load_address>0xb4f8</load_address>
         <run_address>0xb4f8</run_address>
         <size>0x85</size>
         <input_file_ref idref="fl-21"/>
      </object_component>
      <object_component id="oc-39">
         <name>.text:MCBSP_start</name>
         <load_address>0xb57d</load_address>
         <run_address>0xb57d</run_address>
         <size>0x7e</size>
         <input_file_ref idref="fl-12"/>
      </object_component>
      <object_component id="oc-ff">
         <name>.text</name>
         <load_address>0xb5fb</load_address>
         <run_address>0xb5fb</run_address>
         <size>0x76</size>
         <input_file_ref idref="fl-3f"/>
      </object_component>
      <object_component id="oc-8b">
         <name>.text</name>
         <load_address>0xb671</load_address>
         <run_address>0xb671</run_address>
         <size>0x73</size>
         <input_file_ref idref="fl-24"/>
      </object_component>
      <object_component id="oc-d8">
         <name>.text</name>
         <load_address>0xb6e4</load_address>
         <run_address>0xb6e4</run_address>
         <size>0x72</size>
         <input_file_ref idref="fl-36"/>
      </object_component>
      <object_component id="oc-bb">
         <name>.text</name>
         <load_address>0xb756</load_address>
         <run_address>0xb756</run_address>
         <size>0x6f</size>
         <input_file_ref idref="fl-2f"/>
      </object_component>
      <object_component id="oc-68">
         <name>.text</name>
         <load_address>0xb7c5</load_address>
         <run_address>0xb7c5</run_address>
         <size>0x6b</size>
         <input_file_ref idref="fl-1c"/>
      </object_component>
      <object_component id="oc-1d">
         <name>.text:I2C_setup</name>
         <load_address>0xb830</load_address>
         <run_address>0xb830</run_address>
         <size>0x67</size>
         <input_file_ref idref="fl-b"/>
      </object_component>
      <object_component id="oc-3d">
         <name>.text:PLL_config</name>
         <load_address>0xb897</load_address>
         <run_address>0xb897</run_address>
         <size>0x64</size>
         <input_file_ref idref="fl-13"/>
      </object_component>
      <object_component id="oc-bf">
         <name>.text</name>
         <load_address>0xb8fb</load_address>
         <run_address>0xb8fb</run_address>
         <size>0x62</size>
         <input_file_ref idref="fl-30"/>
      </object_component>
      <object_component id="oc-109">
         <name>.text</name>
         <load_address>0xb95d</load_address>
         <run_address>0xb95d</run_address>
         <size>0x61</size>
         <input_file_ref idref="fl-41"/>
      </object_component>
      <object_component id="oc-a0">
         <name>.text</name>
         <load_address>0xb9be</load_address>
         <run_address>0xb9be</run_address>
         <size>0x61</size>
         <input_file_ref idref="fl-29"/>
      </object_component>
      <object_component id="oc-72">
         <name>.text</name>
         <load_address>0xba1f</load_address>
         <run_address>0xba1f</run_address>
         <size>0x5c</size>
         <input_file_ref idref="fl-1e"/>
      </object_component>
      <object_component id="oc-e8">
         <name>.text</name>
         <load_address>0xba7b</load_address>
         <run_address>0xba7b</run_address>
         <size>0x58</size>
         <input_file_ref idref="fl-3a"/>
      </object_component>
      <object_component id="oc-2">
         <name>.text</name>
         <load_address>0xbad3</load_address>
         <run_address>0xbad3</run_address>
         <size>0x4c</size>
         <input_file_ref idref="fl-15"/>
      </object_component>
      <object_component id="oc-64">
         <name>.text</name>
         <load_address>0xbb1f</load_address>
         <run_address>0xbb1f</run_address>
         <size>0x4b</size>
         <input_file_ref idref="fl-1b"/>
      </object_component>
      <object_component id="oc-d4">
         <name>.text</name>
         <load_address>0xbb6a</load_address>
         <run_address>0xbb6a</run_address>
         <size>0x4b</size>
         <input_file_ref idref="fl-35"/>
      </object_component>
      <object_component id="oc-af">
         <name>.text</name>
         <load_address>0xbbb5</load_address>
         <run_address>0xbbb5</run_address>
         <size>0x48</size>
         <input_file_ref idref="fl-2c"/>
      </object_component>
      <object_component id="oc-60">
         <name>.text</name>
         <load_address>0xbbfd</load_address>
         <run_address>0xbbfd</run_address>
         <size>0x40</size>
         <input_file_ref idref="fl-1a"/>
      </object_component>
      <object_component id="oc-9c">
         <name>.text</name>
         <load_address>0xbc3d</load_address>
         <run_address>0xbc3d</run_address>
         <size>0x3f</size>
         <input_file_ref idref="fl-28"/>
      </object_component>
      <object_component id="oc-4a">
         <name>.text</name>
         <load_address>0xbc7c</load_address>
         <run_address>0xbc7c</run_address>
         <size>0x36</size>
         <input_file_ref idref="fl-16"/>
      </object_component>
      <object_component id="oc-b7">
         <name>.text</name>
         <load_address>0xbcb2</load_address>
         <run_address>0xbcb2</run_address>
         <size>0x2a</size>
         <input_file_ref idref="fl-2e"/>
      </object_component>
      <object_component id="oc-51">
         <name>.text</name>
         <load_address>0xbcdc</load_address>
         <run_address>0xbcdc</run_address>
         <size>0x2a</size>
         <input_file_ref idref="fl-17"/>
      </object_component>
      <object_component id="oc-8f">
         <name>.text</name>
         <load_address>0xbd06</load_address>
         <run_address>0xbd06</run_address>
         <size>0x1f</size>
         <input_file_ref idref="fl-25"/>
      </object_component>
      <object_component id="oc-c8">
         <name>.text</name>
         <load_address>0xbd25</load_address>
         <run_address>0xbd25</run_address>
         <size>0x1c</size>
         <input_file_ref idref="fl-32"/>
      </object_component>
      <object_component id="oc-dc">
         <name>.text</name>
         <load_address>0xbd41</load_address>
         <run_address>0xbd41</run_address>
         <size>0x14</size>
         <input_file_ref idref="fl-37"/>
      </object_component>
      <object_component id="oc-f0">
         <name>.text</name>
         <load_address>0xbd55</load_address>
         <run_address>0xbd55</run_address>
         <size>0x13</size>
         <input_file_ref idref="fl-3c"/>
      </object_component>
      <object_component id="oc-5a">
         <name>.text</name>
         <load_address>0xbd68</load_address>
         <run_address>0xbd68</run_address>
         <size>0x10</size>
         <input_file_ref idref="fl-19"/>
      </object_component>
      <object_component id="oc-d0">
         <name>.text</name>
         <load_address>0xbd78</load_address>
         <run_address>0xbd78</run_address>
         <size>0x10</size>
         <input_file_ref idref="fl-34"/>
      </object_component>
      <object_component id="oc-25">
         <name>.text:IRQ_globalDisable</name>
         <load_address>0xbd88</load_address>
         <run_address>0xbd88</run_address>
         <size>0xd</size>
         <input_file_ref idref="fl-d"/>
      </object_component>
      <object_component id="oc-10">
         <name>.text:CSL_init</name>
         <load_address>0xbd95</load_address>
         <run_address>0xbd95</run_address>
         <size>0xc</size>
         <input_file_ref idref="fl-8"/>
      </object_component>
      <object_component id="oc-29">
         <name>.text:IRQ_globalRestore</name>
         <load_address>0xbda1</load_address>
         <run_address>0xbda1</run_address>
         <size>0xc</size>
         <input_file_ref idref="fl-e"/>
      </object_component>
      <object_component id="oc-b">
         <name>.text:_CSL_init</name>
         <load_address>0xbdad</load_address>
         <run_address>0xbdad</run_address>
         <size>0xb</size>
         <input_file_ref idref="fl-7"/>
      </object_component>
      <object_component id="oc-10d">
         <name>.text</name>
         <load_address>0xbdb8</load_address>
         <run_address>0xbdb8</run_address>
         <size>0xa</size>
         <input_file_ref idref="fl-42"/>
      </object_component>
      <object_component id="oc-4e">
         <name>.text:CIO_breakpoint</name>
         <load_address>0xbdc2</load_address>
         <run_address>0xbdc2</run_address>
         <size>0x7</size>
         <input_file_ref idref="fl-16"/>
      </object_component>
      <object_component id="oc-f">
         <name>.text</name>
         <load_address>0xbdc9</load_address>
         <run_address>0xbdc9</run_address>
         <size>0x2</size>
         <input_file_ref idref="fl-8"/>
      </object_component>
      <object_component id="oc-55">
         <name>.text</name>
         <load_address>0xbdcb</load_address>
         <run_address>0xbdcb</run_address>
         <size>0x2</size>
         <input_file_ref idref="fl-18"/>
      </object_component>
      <object_component id="oc-4">
         <name>.bss</name>
         <uninitialized>true</uninitialized>
         <run_address>0x10000</run_address>
         <size>0x74ea</size>
         <input_file_ref idref="fl-2"/>
      </object_component>
      <object_component id="oc-4b">
         <name>.bss</name>
         <uninitialized>true</uninitialized>
         <run_address>0x17908</run_address>
         <size>0x8</size>
         <input_file_ref idref="fl-16"/>
      </object_component>
      <object_component id="oc-5b">
         <name>.bss</name>
         <uninitialized>true</uninitialized>
         <run_address>0x17900</run_address>
         <size>0x8</size>
         <input_file_ref idref="fl-19"/>
      </object_component>
      <object_component id="oc-78">
         <name>.bss</name>
         <uninitialized>true</uninitialized>
         <run_address>0x174ea</run_address>
         <size>0x1ba</size>
         <input_file_ref idref="fl-20"/>
      </object_component>
      <object_component id="oc-86">
         <name>.bss</name>
         <uninitialized>true</uninitialized>
         <run_address>0x17844</run_address>
         <size>0xba</size>
         <input_file_ref idref="fl-23"/>
      </object_component>
      <object_component id="oc-94">
         <name>.bss</name>
         <uninitialized>true</uninitialized>
         <run_address>0x176a4</run_address>
         <size>0x1a0</size>
         <input_file_ref idref="fl-26"/>
      </object_component>
      <object_component id="oc-f5">
         <name>.bss</name>
         <uninitialized>true</uninitialized>
         <run_address>0x17910</run_address>
         <size>0x8</size>
         <input_file_ref idref="fl-3d"/>
      </object_component>
      <object_component id="oc-104">
         <name>.bss</name>
         <uninitialized>true</uninitialized>
         <run_address>0x178fe</run_address>
         <size>0x2</size>
         <input_file_ref idref="fl-40"/>
      </object_component>
      <object_component id="oc-56">
         <name>vectors</name>
         <load_address>0xffff00</load_address>
         <run_address>0xffff00</run_address>
         <size>0x100</size>
         <input_file_ref idref="fl-18"/>
      </object_component>
      <object_component id="oc-6">
         <name>.cinit</name>
         <load_address>0x100</load_address>
         <run_address>0x100</run_address>
         <size>0x7500</size>
         <input_file_ref idref="fl-2"/>
      </object_component>
      <object_component id="oc-41">
         <name>.cinit</name>
         <load_address>0x7600</load_address>
         <run_address>0x7600</run_address>
         <size>0xd2</size>
         <input_file_ref idref="fl-14"/>
      </object_component>
      <object_component id="oc-88">
         <name>.cinit</name>
         <load_address>0x76d2</load_address>
         <run_address>0x76d2</run_address>
         <size>0x50</size>
         <input_file_ref idref="fl-23"/>
      </object_component>
      <object_component id="oc-14">
         <name>.cinit</name>
         <load_address>0x7722</load_address>
         <run_address>0x7722</run_address>
         <size>0x46</size>
         <input_file_ref idref="fl-9"/>
      </object_component>
      <object_component id="oc-7a">
         <name>.cinit</name>
         <load_address>0x7768</load_address>
         <run_address>0x7768</run_address>
         <size>0x32</size>
         <input_file_ref idref="fl-20"/>
      </object_component>
      <object_component id="oc-5d">
         <name>.cinit</name>
         <load_address>0x779a</load_address>
         <run_address>0x779a</run_address>
         <size>0x14</size>
         <input_file_ref idref="fl-19"/>
      </object_component>
      <object_component id="oc-4d">
         <name>.cinit</name>
         <load_address>0x77ae</load_address>
         <run_address>0x77ae</run_address>
         <size>0x14</size>
         <input_file_ref idref="fl-16"/>
      </object_component>
      <object_component id="oc-106">
         <name>.cinit</name>
         <load_address>0x77c2</load_address>
         <run_address>0x77c2</run_address>
         <size>0x8</size>
         <input_file_ref idref="fl-40"/>
      </object_component>
      <object_component id="oc-f7">
         <name>.cinit</name>
         <load_address>0x77ca</load_address>
         <run_address>0x77ca</run_address>
         <size>0x8</size>
         <input_file_ref idref="fl-3d"/>
      </object_component>
      <object_component id="oc-5">
         <name>.debug_info</name>
         <load_address>0x0</load_address>
         <run_address>0x0</run_address>
         <size>0x1746</size>
         <input_file_ref idref="fl-2"/>
      </object_component>
      <object_component id="oc-d">
         <name>.debug_info</name>
         <load_address>0x1746</load_address>
         <run_address>0x1746</run_address>
         <size>0x828</size>
         <input_file_ref idref="fl-7"/>
      </object_component>
      <object_component id="oc-12">
         <name>.debug_info</name>
         <load_address>0x1f6e</load_address>
         <run_address>0x1f6e</run_address>
         <size>0x4e8</size>
         <input_file_ref idref="fl-8"/>
      </object_component>
      <object_component id="oc-17">
         <name>.debug_info</name>
         <load_address>0x2456</load_address>
         <run_address>0x2456</run_address>
         <size>0x787</size>
         <input_file_ref idref="fl-9"/>
      </object_component>
      <object_component id="oc-1b">
         <name>.debug_info</name>
         <load_address>0x2bdd</load_address>
         <run_address>0x2bdd</run_address>
         <size>0x872</size>
         <input_file_ref idref="fl-a"/>
      </object_component>
      <object_component id="oc-1f">
         <name>.debug_info</name>
         <load_address>0x344f</load_address>
         <run_address>0x344f</run_address>
         <size>0x5d0</size>
         <input_file_ref idref="fl-b"/>
      </object_component>
      <object_component id="oc-23">
         <name>.debug_info</name>
         <load_address>0x3a1f</load_address>
         <run_address>0x3a1f</run_address>
         <size>0x941</size>
         <input_file_ref idref="fl-c"/>
      </object_component>
      <object_component id="oc-27">
         <name>.debug_info</name>
         <load_address>0x4360</load_address>
         <run_address>0x4360</run_address>
         <size>0x44a</size>
         <input_file_ref idref="fl-d"/>
      </object_component>
      <object_component id="oc-2b">
         <name>.debug_info</name>
         <load_address>0x47aa</load_address>
         <run_address>0x47aa</run_address>
         <size>0x455</size>
         <input_file_ref idref="fl-e"/>
      </object_component>
      <object_component id="oc-2f">
         <name>.debug_info</name>
         <load_address>0x4bff</load_address>
         <run_address>0x4bff</run_address>
         <size>0x7d7</size>
         <input_file_ref idref="fl-f"/>
      </object_component>
      <object_component id="oc-33">
         <name>.debug_info</name>
         <load_address>0x53d6</load_address>
         <run_address>0x53d6</run_address>
         <size>0xe16</size>
         <input_file_ref idref="fl-10"/>
      </object_component>
      <object_component id="oc-37">
         <name>.debug_info</name>
         <load_address>0x61ec</load_address>
         <run_address>0x61ec</run_address>
         <size>0xac8</size>
         <input_file_ref idref="fl-11"/>
      </object_component>
      <object_component id="oc-3b">
         <name>.debug_info</name>
         <load_address>0x6cb4</load_address>
         <run_address>0x6cb4</run_address>
         <size>0x580</size>
         <input_file_ref idref="fl-12"/>
      </object_component>
      <object_component id="oc-3f">
         <name>.debug_info</name>
         <load_address>0x7234</load_address>
         <run_address>0x7234</run_address>
         <size>0x573</size>
         <input_file_ref idref="fl-13"/>
      </object_component>
      <object_component id="oc-44">
         <name>.debug_info</name>
         <load_address>0x77a7</load_address>
         <run_address>0x77a7</run_address>
         <size>0x820</size>
         <input_file_ref idref="fl-14"/>
      </object_component>
      <object_component id="oc-47">
         <name>.debug_info</name>
         <load_address>0x7fc7</load_address>
         <run_address>0x7fc7</run_address>
         <size>0x124</size>
         <input_file_ref idref="fl-15"/>
      </object_component>
      <object_component id="oc-4c">
         <name>.debug_info</name>
         <load_address>0x80eb</load_address>
         <run_address>0x80eb</run_address>
         <size>0x7dc</size>
         <input_file_ref idref="fl-16"/>
      </object_component>
      <object_component id="oc-52">
         <name>.debug_info</name>
         <load_address>0x88c7</load_address>
         <run_address>0x88c7</run_address>
         <size>0x12b</size>
         <input_file_ref idref="fl-17"/>
      </object_component>
      <object_component id="oc-57">
         <name>.debug_info</name>
         <load_address>0x89f2</load_address>
         <run_address>0x89f2</run_address>
         <size>0xf9</size>
         <input_file_ref idref="fl-18"/>
      </object_component>
      <object_component id="oc-5c">
         <name>.debug_info</name>
         <load_address>0x8aeb</load_address>
         <run_address>0x8aeb</run_address>
         <size>0x624</size>
         <input_file_ref idref="fl-19"/>
      </object_component>
      <object_component id="oc-61">
         <name>.debug_info</name>
         <load_address>0x910f</load_address>
         <run_address>0x910f</run_address>
         <size>0x5d4</size>
         <input_file_ref idref="fl-1a"/>
      </object_component>
      <object_component id="oc-65">
         <name>.debug_info</name>
         <load_address>0x96e3</load_address>
         <run_address>0x96e3</run_address>
         <size>0x8da</size>
         <input_file_ref idref="fl-1b"/>
      </object_component>
      <object_component id="oc-69">
         <name>.debug_info</name>
         <load_address>0x9fbd</load_address>
         <run_address>0x9fbd</run_address>
         <size>0x109</size>
         <input_file_ref idref="fl-1c"/>
      </object_component>
      <object_component id="oc-6d">
         <name>.debug_info</name>
         <load_address>0xa0c6</load_address>
         <run_address>0xa0c6</run_address>
         <size>0x38d1</size>
         <input_file_ref idref="fl-1d"/>
      </object_component>
      <object_component id="oc-73">
         <name>.debug_info</name>
         <load_address>0xd997</load_address>
         <run_address>0xd997</run_address>
         <size>0x74f</size>
         <input_file_ref idref="fl-1e"/>
      </object_component>
      <object_component id="oc-76">
         <name>.debug_info</name>
         <load_address>0xe0e6</load_address>
         <run_address>0xe0e6</run_address>
         <size>0x4d4</size>
         <input_file_ref idref="fl-1f"/>
      </object_component>
      <object_component id="oc-79">
         <name>.debug_info</name>
         <load_address>0xe5ba</load_address>
         <run_address>0xe5ba</run_address>
         <size>0x5ed</size>
         <input_file_ref idref="fl-20"/>
      </object_component>
      <object_component id="oc-7d">
         <name>.debug_info</name>
         <load_address>0xeba7</load_address>
         <run_address>0xeba7</run_address>
         <size>0x73a</size>
         <input_file_ref idref="fl-21"/>
      </object_component>
      <object_component id="oc-81">
         <name>.debug_info</name>
         <load_address>0xf2e1</load_address>
         <run_address>0xf2e1</run_address>
         <size>0xb1d</size>
         <input_file_ref idref="fl-22"/>
      </object_component>
      <object_component id="oc-87">
         <name>.debug_info</name>
         <load_address>0xfdfe</load_address>
         <run_address>0xfdfe</run_address>
         <size>0x18f2</size>
         <input_file_ref idref="fl-23"/>
      </object_component>
      <object_component id="oc-8c">
         <name>.debug_info</name>
         <load_address>0x116f0</load_address>
         <run_address>0x116f0</run_address>
         <size>0x64b</size>
         <input_file_ref idref="fl-24"/>
      </object_component>
      <object_component id="oc-90">
         <name>.debug_info</name>
         <load_address>0x11d3b</load_address>
         <run_address>0x11d3b</run_address>
         <size>0x6cf</size>
         <input_file_ref idref="fl-25"/>
      </object_component>
      <object_component id="oc-95">
         <name>.debug_info</name>
         <load_address>0x1240a</load_address>
         <run_address>0x1240a</run_address>
         <size>0x1389</size>
         <input_file_ref idref="fl-26"/>
      </object_component>
      <object_component id="oc-99">
         <name>.debug_info</name>
         <load_address>0x13793</load_address>
         <run_address>0x13793</run_address>
         <size>0x90f</size>
         <input_file_ref idref="fl-27"/>
      </object_component>
      <object_component id="oc-9d">
         <name>.debug_info</name>
         <load_address>0x140a2</load_address>
         <run_address>0x140a2</run_address>
         <size>0x10d</size>
         <input_file_ref idref="fl-28"/>
      </object_component>
      <object_component id="oc-a1">
         <name>.debug_info</name>
         <load_address>0x141af</load_address>
         <run_address>0x141af</run_address>
         <size>0x96d</size>
         <input_file_ref idref="fl-29"/>
      </object_component>
      <object_component id="oc-a7">
         <name>.debug_info</name>
         <load_address>0x14b1c</load_address>
         <run_address>0x14b1c</run_address>
         <size>0xc22</size>
         <input_file_ref idref="fl-2a"/>
      </object_component>
      <object_component id="oc-ab">
         <name>.debug_info</name>
         <load_address>0x1573e</load_address>
         <run_address>0x1573e</run_address>
         <size>0xb48</size>
         <input_file_ref idref="fl-2b"/>
      </object_component>
      <object_component id="oc-b0">
         <name>.debug_info</name>
         <load_address>0x16286</load_address>
         <run_address>0x16286</run_address>
         <size>0x53a</size>
         <input_file_ref idref="fl-2c"/>
      </object_component>
      <object_component id="oc-b4">
         <name>.debug_info</name>
         <load_address>0x167c0</load_address>
         <run_address>0x167c0</run_address>
         <size>0x5cf</size>
         <input_file_ref idref="fl-2d"/>
      </object_component>
      <object_component id="oc-b8">
         <name>.debug_info</name>
         <load_address>0x16d8f</load_address>
         <run_address>0x16d8f</run_address>
         <size>0x8d5</size>
         <input_file_ref idref="fl-2e"/>
      </object_component>
      <object_component id="oc-bc">
         <name>.debug_info</name>
         <load_address>0x17664</load_address>
         <run_address>0x17664</run_address>
         <size>0x901</size>
         <input_file_ref idref="fl-2f"/>
      </object_component>
      <object_component id="oc-c0">
         <name>.debug_info</name>
         <load_address>0x17f65</load_address>
         <run_address>0x17f65</run_address>
         <size>0x969</size>
         <input_file_ref idref="fl-30"/>
      </object_component>
      <object_component id="oc-c5">
         <name>.debug_info</name>
         <load_address>0x188ce</load_address>
         <run_address>0x188ce</run_address>
         <size>0x8b2</size>
         <input_file_ref idref="fl-31"/>
      </object_component>
      <object_component id="oc-c9">
         <name>.debug_info</name>
         <load_address>0x19180</load_address>
         <run_address>0x19180</run_address>
         <size>0x867</size>
         <input_file_ref idref="fl-32"/>
      </object_component>
      <object_component id="oc-cd">
         <name>.debug_info</name>
         <load_address>0x199e7</load_address>
         <run_address>0x199e7</run_address>
         <size>0x928</size>
         <input_file_ref idref="fl-33"/>
      </object_component>
      <object_component id="oc-d1">
         <name>.debug_info</name>
         <load_address>0x1a30f</load_address>
         <run_address>0x1a30f</run_address>
         <size>0x8bd</size>
         <input_file_ref idref="fl-34"/>
      </object_component>
      <object_component id="oc-d5">
         <name>.debug_info</name>
         <load_address>0x1abcc</load_address>
         <run_address>0x1abcc</run_address>
         <size>0x53a</size>
         <input_file_ref idref="fl-35"/>
      </object_component>
      <object_component id="oc-d9">
         <name>.debug_info</name>
         <load_address>0x1b106</load_address>
         <run_address>0x1b106</run_address>
         <size>0x5cf</size>
         <input_file_ref idref="fl-36"/>
      </object_component>
      <object_component id="oc-dd">
         <name>.debug_info</name>
         <load_address>0x1b6d5</load_address>
         <run_address>0x1b6d5</run_address>
         <size>0x8e4</size>
         <input_file_ref idref="fl-37"/>
      </object_component>
      <object_component id="oc-e1">
         <name>.debug_info</name>
         <load_address>0x1bfb9</load_address>
         <run_address>0x1bfb9</run_address>
         <size>0x6d8</size>
         <input_file_ref idref="fl-38"/>
      </object_component>
      <object_component id="oc-e5">
         <name>.debug_info</name>
         <load_address>0x1c691</load_address>
         <run_address>0x1c691</run_address>
         <size>0x7eb</size>
         <input_file_ref idref="fl-39"/>
      </object_component>
      <object_component id="oc-e9">
         <name>.debug_info</name>
         <load_address>0x1ce7c</load_address>
         <run_address>0x1ce7c</run_address>
         <size>0x682</size>
         <input_file_ref idref="fl-3a"/>
      </object_component>
      <object_component id="oc-ed">
         <name>.debug_info</name>
         <load_address>0x1d4fe</load_address>
         <run_address>0x1d4fe</run_address>
         <size>0x763</size>
         <input_file_ref idref="fl-3b"/>
      </object_component>
      <object_component id="oc-f1">
         <name>.debug_info</name>
         <load_address>0x1dc61</load_address>
         <run_address>0x1dc61</run_address>
         <size>0xf9</size>
         <input_file_ref idref="fl-3c"/>
      </object_component>
      <object_component id="oc-f6">
         <name>.debug_info</name>
         <load_address>0x1dd5a</load_address>
         <run_address>0x1dd5a</run_address>
         <size>0xf37</size>
         <input_file_ref idref="fl-3d"/>
      </object_component>
      <object_component id="oc-fc">
         <name>.debug_info</name>
         <load_address>0x1ec91</load_address>
         <run_address>0x1ec91</run_address>
         <size>0x9cb</size>
         <input_file_ref idref="fl-3e"/>
      </object_component>
      <object_component id="oc-100">
         <name>.debug_info</name>
         <load_address>0x1f65c</load_address>
         <run_address>0x1f65c</run_address>
         <size>0x8d8</size>
         <input_file_ref idref="fl-3f"/>
      </object_component>
      <object_component id="oc-105">
         <name>.debug_info</name>
         <load_address>0x1ff34</load_address>
         <run_address>0x1ff34</run_address>
         <size>0xcad</size>
         <input_file_ref idref="fl-40"/>
      </object_component>
      <object_component id="oc-10a">
         <name>.debug_info</name>
         <load_address>0x20be1</load_address>
         <run_address>0x20be1</run_address>
         <size>0x782</size>
         <input_file_ref idref="fl-41"/>
      </object_component>
      <object_component id="oc-10e">
         <name>.debug_info</name>
         <load_address>0x21363</load_address>
         <run_address>0x21363</run_address>
         <size>0x627</size>
         <input_file_ref idref="fl-42"/>
      </object_component>
      <object_component id="oc-139">
         <name>.debug_info</name>
         <load_address>0x2198a</load_address>
         <run_address>0x2198a</run_address>
         <size>0x6e</size>
      </object_component>
      <object_component id="oc-112">
         <name>.const:__ctypes_</name>
         <load_address>0xbdd0</load_address>
         <run_address>0xbdd0</run_address>
         <size>0x202</size>
         <input_file_ref idref="fl-1f"/>
      </object_component>
      <object_component id="oc-7">
         <name>.const:.string</name>
         <load_address>0xbfd2</load_address>
         <run_address>0xbfd2</run_address>
         <size>0xe6</size>
         <input_file_ref idref="fl-2"/>
      </object_component>
      <object_component id="oc-6e">
         <name>.const:.string</name>
         <load_address>0xc0b8</load_address>
         <run_address>0xc0b8</run_address>
         <size>0x46</size>
         <input_file_ref idref="fl-1d"/>
      </object_component>
      <object_component id="oc-6f">
         <name>.const</name>
         <load_address>0xc100</load_address>
         <run_address>0xc100</run_address>
         <size>0x18</size>
         <input_file_ref idref="fl-1d"/>
      </object_component>
      <object_component id="oc-113">
         <name>.const:_initial_approx$1</name>
         <load_address>0xc118</load_address>
         <run_address>0xc118</run_address>
         <size>0x10</size>
         <input_file_ref idref="fl-2b"/>
      </object_component>
      <object_component id="oc-82">
         <name>.const:.string</name>
         <load_address>0xc128</load_address>
         <run_address>0xc128</run_address>
         <size>0x4</size>
         <input_file_ref idref="fl-22"/>
      </object_component>
      <object_component id="oc-ac">
         <name>.const</name>
         <load_address>0xc12c</load_address>
         <run_address>0xc12c</run_address>
         <size>0x4</size>
         <input_file_ref idref="fl-2b"/>
      </object_component>
      <object_component id="oc-c1">
         <name>.const</name>
         <load_address>0xc130</load_address>
         <run_address>0xc130</run_address>
         <size>0x4</size>
         <input_file_ref idref="fl-30"/>
      </object_component>
      <object_component id="oc-8">
         <name>.debug_frame</name>
         <load_address>0x0</load_address>
         <run_address>0x0</run_address>
         <size>0x159</size>
         <input_file_ref idref="fl-2"/>
      </object_component>
      <object_component id="oc-9">
         <name>.debug_line</name>
         <load_address>0x0</load_address>
         <run_address>0x0</run_address>
         <size>0x22c</size>
         <input_file_ref idref="fl-2"/>
      </object_component>
      <object_component id="oc-e">
         <name>.debug_line</name>
         <load_address>0x22c</load_address>
         <run_address>0x22c</run_address>
         <size>0x56</size>
         <input_file_ref idref="fl-7"/>
      </object_component>
      <object_component id="oc-13">
         <name>.debug_line</name>
         <load_address>0x282</load_address>
         <run_address>0x282</run_address>
         <size>0x64</size>
         <input_file_ref idref="fl-8"/>
      </object_component>
      <object_component id="oc-18">
         <name>.debug_line</name>
         <load_address>0x2e6</load_address>
         <run_address>0x2e6</run_address>
         <size>0x1a</size>
         <input_file_ref idref="fl-9"/>
      </object_component>
      <object_component id="oc-1c">
         <name>.debug_line</name>
         <load_address>0x300</load_address>
         <run_address>0x300</run_address>
         <size>0x6e</size>
         <input_file_ref idref="fl-a"/>
      </object_component>
      <object_component id="oc-20">
         <name>.debug_line</name>
         <load_address>0x36e</load_address>
         <run_address>0x36e</run_address>
         <size>0x59</size>
         <input_file_ref idref="fl-b"/>
      </object_component>
      <object_component id="oc-24">
         <name>.debug_line</name>
         <load_address>0x3c7</load_address>
         <run_address>0x3c7</run_address>
         <size>0x77</size>
         <input_file_ref idref="fl-c"/>
      </object_component>
      <object_component id="oc-28">
         <name>.debug_line</name>
         <load_address>0x43e</load_address>
         <run_address>0x43e</run_address>
         <size>0x56</size>
         <input_file_ref idref="fl-d"/>
      </object_component>
      <object_component id="oc-2c">
         <name>.debug_line</name>
         <load_address>0x494</load_address>
         <run_address>0x494</run_address>
         <size>0x57</size>
         <input_file_ref idref="fl-e"/>
      </object_component>
      <object_component id="oc-30">
         <name>.debug_line</name>
         <load_address>0x4eb</load_address>
         <run_address>0x4eb</run_address>
         <size>0x5b</size>
         <input_file_ref idref="fl-f"/>
      </object_component>
      <object_component id="oc-34">
         <name>.debug_line</name>
         <load_address>0x546</load_address>
         <run_address>0x546</run_address>
         <size>0x63</size>
         <input_file_ref idref="fl-10"/>
      </object_component>
      <object_component id="oc-38">
         <name>.debug_line</name>
         <load_address>0x5a9</load_address>
         <run_address>0x5a9</run_address>
         <size>0x5b</size>
         <input_file_ref idref="fl-11"/>
      </object_component>
      <object_component id="oc-3c">
         <name>.debug_line</name>
         <load_address>0x604</load_address>
         <run_address>0x604</run_address>
         <size>0x61</size>
         <input_file_ref idref="fl-12"/>
      </object_component>
      <object_component id="oc-40">
         <name>.debug_line</name>
         <load_address>0x665</load_address>
         <run_address>0x665</run_address>
         <size>0x5e</size>
         <input_file_ref idref="fl-13"/>
      </object_component>
      <object_component id="oc-45">
         <name>.debug_line</name>
         <load_address>0x6c3</load_address>
         <run_address>0x6c3</run_address>
         <size>0x1a</size>
         <input_file_ref idref="fl-14"/>
      </object_component>
      <object_component id="oc-48">
         <name>.debug_line</name>
         <load_address>0x6dd</load_address>
         <run_address>0x6dd</run_address>
         <size>0x59</size>
         <input_file_ref idref="fl-15"/>
      </object_component>
      <object_component id="oc-4f">
         <name>.debug_line</name>
         <load_address>0x736</load_address>
         <run_address>0x736</run_address>
         <size>0x52</size>
         <input_file_ref idref="fl-16"/>
      </object_component>
      <object_component id="oc-53">
         <name>.debug_line</name>
         <load_address>0x788</load_address>
         <run_address>0x788</run_address>
         <size>0x57</size>
         <input_file_ref idref="fl-17"/>
      </object_component>
      <object_component id="oc-58">
         <name>.debug_line</name>
         <load_address>0x7df</load_address>
         <run_address>0x7df</run_address>
         <size>0x39</size>
         <input_file_ref idref="fl-18"/>
      </object_component>
      <object_component id="oc-5e">
         <name>.debug_line</name>
         <load_address>0x818</load_address>
         <run_address>0x818</run_address>
         <size>0x5e</size>
         <input_file_ref idref="fl-19"/>
      </object_component>
      <object_component id="oc-62">
         <name>.debug_line</name>
         <load_address>0x876</load_address>
         <run_address>0x876</run_address>
         <size>0x47</size>
         <input_file_ref idref="fl-1a"/>
      </object_component>
      <object_component id="oc-66">
         <name>.debug_line</name>
         <load_address>0x8bd</load_address>
         <run_address>0x8bd</run_address>
         <size>0x6e</size>
         <input_file_ref idref="fl-1b"/>
      </object_component>
      <object_component id="oc-6a">
         <name>.debug_line</name>
         <load_address>0x92b</load_address>
         <run_address>0x92b</run_address>
         <size>0x5f</size>
         <input_file_ref idref="fl-1c"/>
      </object_component>
      <object_component id="oc-70">
         <name>.debug_line</name>
         <load_address>0x98a</load_address>
         <run_address>0x98a</run_address>
         <size>0x2f5</size>
         <input_file_ref idref="fl-1d"/>
      </object_component>
      <object_component id="oc-74">
         <name>.debug_line</name>
         <load_address>0xc7f</load_address>
         <run_address>0xc7f</run_address>
         <size>0x4b</size>
         <input_file_ref idref="fl-1e"/>
      </object_component>
      <object_component id="oc-7e">
         <name>.debug_line</name>
         <load_address>0xcca</load_address>
         <run_address>0xcca</run_address>
         <size>0x5a</size>
         <input_file_ref idref="fl-21"/>
      </object_component>
      <object_component id="oc-83">
         <name>.debug_line</name>
         <load_address>0xd24</load_address>
         <run_address>0xd24</run_address>
         <size>0x9a</size>
         <input_file_ref idref="fl-22"/>
      </object_component>
      <object_component id="oc-89">
         <name>.debug_line</name>
         <load_address>0xdbe</load_address>
         <run_address>0xdbe</run_address>
         <size>0x19a</size>
         <input_file_ref idref="fl-23"/>
      </object_component>
      <object_component id="oc-8d">
         <name>.debug_line</name>
         <load_address>0xf58</load_address>
         <run_address>0xf58</run_address>
         <size>0x47</size>
         <input_file_ref idref="fl-24"/>
      </object_component>
      <object_component id="oc-91">
         <name>.debug_line</name>
         <load_address>0xf9f</load_address>
         <run_address>0xf9f</run_address>
         <size>0x41</size>
         <input_file_ref idref="fl-25"/>
      </object_component>
      <object_component id="oc-96">
         <name>.debug_line</name>
         <load_address>0xfe0</load_address>
         <run_address>0xfe0</run_address>
         <size>0x147</size>
         <input_file_ref idref="fl-26"/>
      </object_component>
      <object_component id="oc-9a">
         <name>.debug_line</name>
         <load_address>0x1127</load_address>
         <run_address>0x1127</run_address>
         <size>0xa9</size>
         <input_file_ref idref="fl-27"/>
      </object_component>
      <object_component id="oc-9e">
         <name>.debug_line</name>
         <load_address>0x11d0</load_address>
         <run_address>0x11d0</run_address>
         <size>0x4f</size>
         <input_file_ref idref="fl-28"/>
      </object_component>
      <object_component id="oc-a4">
         <name>.debug_line</name>
         <load_address>0x121f</load_address>
         <run_address>0x121f</run_address>
         <size>0x6b</size>
         <input_file_ref idref="fl-29"/>
      </object_component>
      <object_component id="oc-a8">
         <name>.debug_line</name>
         <load_address>0x128a</load_address>
         <run_address>0x128a</run_address>
         <size>0xb0</size>
         <input_file_ref idref="fl-2a"/>
      </object_component>
      <object_component id="oc-ad">
         <name>.debug_line</name>
         <load_address>0x133a</load_address>
         <run_address>0x133a</run_address>
         <size>0x75</size>
         <input_file_ref idref="fl-2b"/>
      </object_component>
      <object_component id="oc-b1">
         <name>.debug_line</name>
         <load_address>0x13af</load_address>
         <run_address>0x13af</run_address>
         <size>0x3f</size>
         <input_file_ref idref="fl-2c"/>
      </object_component>
      <object_component id="oc-b5">
         <name>.debug_line</name>
         <load_address>0x13ee</load_address>
         <run_address>0x13ee</run_address>
         <size>0x47</size>
         <input_file_ref idref="fl-2d"/>
      </object_component>
      <object_component id="oc-b9">
         <name>.debug_line</name>
         <load_address>0x1435</load_address>
         <run_address>0x1435</run_address>
         <size>0x42</size>
         <input_file_ref idref="fl-2e"/>
      </object_component>
      <object_component id="oc-bd">
         <name>.debug_line</name>
         <load_address>0x1477</load_address>
         <run_address>0x1477</run_address>
         <size>0x42</size>
         <input_file_ref idref="fl-2f"/>
      </object_component>
      <object_component id="oc-c2">
         <name>.debug_line</name>
         <load_address>0x14b9</load_address>
         <run_address>0x14b9</run_address>
         <size>0x49</size>
         <input_file_ref idref="fl-30"/>
      </object_component>
      <object_component id="oc-c6">
         <name>.debug_line</name>
         <load_address>0x1502</load_address>
         <run_address>0x1502</run_address>
         <size>0x45</size>
         <input_file_ref idref="fl-31"/>
      </object_component>
      <object_component id="oc-ca">
         <name>.debug_line</name>
         <load_address>0x1547</load_address>
         <run_address>0x1547</run_address>
         <size>0x3b</size>
         <input_file_ref idref="fl-32"/>
      </object_component>
      <object_component id="oc-ce">
         <name>.debug_line</name>
         <load_address>0x1582</load_address>
         <run_address>0x1582</run_address>
         <size>0x41</size>
         <input_file_ref idref="fl-33"/>
      </object_component>
      <object_component id="oc-d2">
         <name>.debug_line</name>
         <load_address>0x15c3</load_address>
         <run_address>0x15c3</run_address>
         <size>0x3a</size>
         <input_file_ref idref="fl-34"/>
      </object_component>
      <object_component id="oc-d6">
         <name>.debug_line</name>
         <load_address>0x15fd</load_address>
         <run_address>0x15fd</run_address>
         <size>0x3f</size>
         <input_file_ref idref="fl-35"/>
      </object_component>
      <object_component id="oc-da">
         <name>.debug_line</name>
         <load_address>0x163c</load_address>
         <run_address>0x163c</run_address>
         <size>0x47</size>
         <input_file_ref idref="fl-36"/>
      </object_component>
      <object_component id="oc-de">
         <name>.debug_line</name>
         <load_address>0x1683</load_address>
         <run_address>0x1683</run_address>
         <size>0x3a</size>
         <input_file_ref idref="fl-37"/>
      </object_component>
      <object_component id="oc-e2">
         <name>.debug_line</name>
         <load_address>0x16bd</load_address>
         <run_address>0x16bd</run_address>
         <size>0x5e</size>
         <input_file_ref idref="fl-38"/>
      </object_component>
      <object_component id="oc-e6">
         <name>.debug_line</name>
         <load_address>0x171b</load_address>
         <run_address>0x171b</run_address>
         <size>0x62</size>
         <input_file_ref idref="fl-39"/>
      </object_component>
      <object_component id="oc-ea">
         <name>.debug_line</name>
         <load_address>0x177d</load_address>
         <run_address>0x177d</run_address>
         <size>0x43</size>
         <input_file_ref idref="fl-3a"/>
      </object_component>
      <object_component id="oc-ee">
         <name>.debug_line</name>
         <load_address>0x17c0</load_address>
         <run_address>0x17c0</run_address>
         <size>0x45</size>
         <input_file_ref idref="fl-3b"/>
      </object_component>
      <object_component id="oc-f2">
         <name>.debug_line</name>
         <load_address>0x1805</load_address>
         <run_address>0x1805</run_address>
         <size>0x3d</size>
         <input_file_ref idref="fl-3c"/>
      </object_component>
      <object_component id="oc-f9">
         <name>.debug_line</name>
         <load_address>0x1842</load_address>
         <run_address>0x1842</run_address>
         <size>0x111</size>
         <input_file_ref idref="fl-3d"/>
      </object_component>
      <object_component id="oc-fd">
         <name>.debug_line</name>
         <load_address>0x1953</load_address>
         <run_address>0x1953</run_address>
         <size>0x66</size>
         <input_file_ref idref="fl-3e"/>
      </object_component>
      <object_component id="oc-101">
         <name>.debug_line</name>
         <load_address>0x19b9</load_address>
         <run_address>0x19b9</run_address>
         <size>0x3f</size>
         <input_file_ref idref="fl-3f"/>
      </object_component>
      <object_component id="oc-107">
         <name>.debug_line</name>
         <load_address>0x19f8</load_address>
         <run_address>0x19f8</run_address>
         <size>0xb2</size>
         <input_file_ref idref="fl-40"/>
      </object_component>
      <object_component id="oc-10b">
         <name>.debug_line</name>
         <load_address>0x1aaa</load_address>
         <run_address>0x1aaa</run_address>
         <size>0x44</size>
         <input_file_ref idref="fl-41"/>
      </object_component>
      <object_component id="oc-10f">
         <name>.debug_line</name>
         <load_address>0x1aee</load_address>
         <run_address>0x1aee</run_address>
         <size>0x40</size>
         <input_file_ref idref="fl-42"/>
      </object_component>
      <object_component id="oc-a">
         <name>.debug_abbrev</name>
         <load_address>0x0</load_address>
         <run_address>0x0</run_address>
         <size>0x1cf</size>
         <input_file_ref idref="fl-2"/>
      </object_component>
      <object_component id="oc-c">
         <name>.debug_abbrev</name>
         <load_address>0x1cf</load_address>
         <run_address>0x1cf</run_address>
         <size>0xc6</size>
         <input_file_ref idref="fl-7"/>
      </object_component>
      <object_component id="oc-11">
         <name>.debug_abbrev</name>
         <load_address>0x295</load_address>
         <run_address>0x295</run_address>
         <size>0x99</size>
         <input_file_ref idref="fl-8"/>
      </object_component>
      <object_component id="oc-16">
         <name>.debug_abbrev</name>
         <load_address>0x32e</load_address>
         <run_address>0x32e</run_address>
         <size>0x72</size>
         <input_file_ref idref="fl-9"/>
      </object_component>
      <object_component id="oc-1a">
         <name>.debug_abbrev</name>
         <load_address>0x3a0</load_address>
         <run_address>0x3a0</run_address>
         <size>0xfc</size>
         <input_file_ref idref="fl-a"/>
      </object_component>
      <object_component id="oc-1e">
         <name>.debug_abbrev</name>
         <load_address>0x49c</load_address>
         <run_address>0x49c</run_address>
         <size>0xd9</size>
         <input_file_ref idref="fl-b"/>
      </object_component>
      <object_component id="oc-22">
         <name>.debug_abbrev</name>
         <load_address>0x575</load_address>
         <run_address>0x575</run_address>
         <size>0xfc</size>
         <input_file_ref idref="fl-c"/>
      </object_component>
      <object_component id="oc-26">
         <name>.debug_abbrev</name>
         <load_address>0x671</load_address>
         <run_address>0x671</run_address>
         <size>0x68</size>
         <input_file_ref idref="fl-d"/>
      </object_component>
      <object_component id="oc-2a">
         <name>.debug_abbrev</name>
         <load_address>0x6d9</load_address>
         <run_address>0x6d9</run_address>
         <size>0x79</size>
         <input_file_ref idref="fl-e"/>
      </object_component>
      <object_component id="oc-2e">
         <name>.debug_abbrev</name>
         <load_address>0x752</load_address>
         <run_address>0x752</run_address>
         <size>0xd9</size>
         <input_file_ref idref="fl-f"/>
      </object_component>
      <object_component id="oc-32">
         <name>.debug_abbrev</name>
         <load_address>0x82b</load_address>
         <run_address>0x82b</run_address>
         <size>0x123</size>
         <input_file_ref idref="fl-10"/>
      </object_component>
      <object_component id="oc-36">
         <name>.debug_abbrev</name>
         <load_address>0x94e</load_address>
         <run_address>0x94e</run_address>
         <size>0x104</size>
         <input_file_ref idref="fl-11"/>
      </object_component>
      <object_component id="oc-3a">
         <name>.debug_abbrev</name>
         <load_address>0xa52</load_address>
         <run_address>0xa52</run_address>
         <size>0xc5</size>
         <input_file_ref idref="fl-12"/>
      </object_component>
      <object_component id="oc-3e">
         <name>.debug_abbrev</name>
         <load_address>0xb17</load_address>
         <run_address>0xb17</run_address>
         <size>0xc1</size>
         <input_file_ref idref="fl-13"/>
      </object_component>
      <object_component id="oc-43">
         <name>.debug_abbrev</name>
         <load_address>0xbd8</load_address>
         <run_address>0xbd8</run_address>
         <size>0x69</size>
         <input_file_ref idref="fl-14"/>
      </object_component>
      <object_component id="oc-49">
         <name>.debug_abbrev</name>
         <load_address>0xc41</load_address>
         <run_address>0xc41</run_address>
         <size>0x3a</size>
         <input_file_ref idref="fl-15"/>
      </object_component>
      <object_component id="oc-50">
         <name>.debug_abbrev</name>
         <load_address>0xc7b</load_address>
         <run_address>0xc7b</run_address>
         <size>0x10a</size>
         <input_file_ref idref="fl-16"/>
      </object_component>
      <object_component id="oc-54">
         <name>.debug_abbrev</name>
         <load_address>0xd85</load_address>
         <run_address>0xd85</run_address>
         <size>0x38</size>
         <input_file_ref idref="fl-17"/>
      </object_component>
      <object_component id="oc-59">
         <name>.debug_abbrev</name>
         <load_address>0xdbd</load_address>
         <run_address>0xdbd</run_address>
         <size>0x26</size>
         <input_file_ref idref="fl-18"/>
      </object_component>
      <object_component id="oc-5f">
         <name>.debug_abbrev</name>
         <load_address>0xde3</load_address>
         <run_address>0xde3</run_address>
         <size>0x9c</size>
         <input_file_ref idref="fl-19"/>
      </object_component>
      <object_component id="oc-63">
         <name>.debug_abbrev</name>
         <load_address>0xe7f</load_address>
         <run_address>0xe7f</run_address>
         <size>0xe9</size>
         <input_file_ref idref="fl-1a"/>
      </object_component>
      <object_component id="oc-67">
         <name>.debug_abbrev</name>
         <load_address>0xf68</load_address>
         <run_address>0xf68</run_address>
         <size>0x136</size>
         <input_file_ref idref="fl-1b"/>
      </object_component>
      <object_component id="oc-6b">
         <name>.debug_abbrev</name>
         <load_address>0x109e</load_address>
         <run_address>0x109e</run_address>
         <size>0x44</size>
         <input_file_ref idref="fl-1c"/>
      </object_component>
      <object_component id="oc-71">
         <name>.debug_abbrev</name>
         <load_address>0x10e2</load_address>
         <run_address>0x10e2</run_address>
         <size>0x1f0</size>
         <input_file_ref idref="fl-1d"/>
      </object_component>
      <object_component id="oc-75">
         <name>.debug_abbrev</name>
         <load_address>0x12d2</load_address>
         <run_address>0x12d2</run_address>
         <size>0xeb</size>
         <input_file_ref idref="fl-1e"/>
      </object_component>
      <object_component id="oc-77">
         <name>.debug_abbrev</name>
         <load_address>0x13bd</load_address>
         <run_address>0x13bd</run_address>
         <size>0x5f</size>
         <input_file_ref idref="fl-1f"/>
      </object_component>
      <object_component id="oc-7b">
         <name>.debug_abbrev</name>
         <load_address>0x141c</load_address>
         <run_address>0x141c</run_address>
         <size>0x83</size>
         <input_file_ref idref="fl-20"/>
      </object_component>
      <object_component id="oc-7f">
         <name>.debug_abbrev</name>
         <load_address>0x149f</load_address>
         <run_address>0x149f</run_address>
         <size>0xf7</size>
         <input_file_ref idref="fl-21"/>
      </object_component>
      <object_component id="oc-84">
         <name>.debug_abbrev</name>
         <load_address>0x1596</load_address>
         <run_address>0x1596</run_address>
         <size>0x120</size>
         <input_file_ref idref="fl-22"/>
      </object_component>
      <object_component id="oc-8a">
         <name>.debug_abbrev</name>
         <load_address>0x16b6</load_address>
         <run_address>0x16b6</run_address>
         <size>0x1fb</size>
         <input_file_ref idref="fl-23"/>
      </object_component>
      <object_component id="oc-8e">
         <name>.debug_abbrev</name>
         <load_address>0x18b1</load_address>
         <run_address>0x18b1</run_address>
         <size>0xe0</size>
         <input_file_ref idref="fl-24"/>
      </object_component>
      <object_component id="oc-92">
         <name>.debug_abbrev</name>
         <load_address>0x1991</load_address>
         <run_address>0x1991</run_address>
         <size>0xcd</size>
         <input_file_ref idref="fl-25"/>
      </object_component>
      <object_component id="oc-97">
         <name>.debug_abbrev</name>
         <load_address>0x1a5e</load_address>
         <run_address>0x1a5e</run_address>
         <size>0x13f</size>
         <input_file_ref idref="fl-26"/>
      </object_component>
      <object_component id="oc-9b">
         <name>.debug_abbrev</name>
         <load_address>0x1b9d</load_address>
         <run_address>0x1b9d</run_address>
         <size>0xb4</size>
         <input_file_ref idref="fl-27"/>
      </object_component>
      <object_component id="oc-9f">
         <name>.debug_abbrev</name>
         <load_address>0x1c51</load_address>
         <run_address>0x1c51</run_address>
         <size>0x38</size>
         <input_file_ref idref="fl-28"/>
      </object_component>
      <object_component id="oc-a5">
         <name>.debug_abbrev</name>
         <load_address>0x1c89</load_address>
         <run_address>0x1c89</run_address>
         <size>0xf4</size>
         <input_file_ref idref="fl-29"/>
      </object_component>
      <object_component id="oc-a9">
         <name>.debug_abbrev</name>
         <load_address>0x1d7d</load_address>
         <run_address>0x1d7d</run_address>
         <size>0xd6</size>
         <input_file_ref idref="fl-2a"/>
      </object_component>
      <object_component id="oc-ae">
         <name>.debug_abbrev</name>
         <load_address>0x1e53</load_address>
         <run_address>0x1e53</run_address>
         <size>0x149</size>
         <input_file_ref idref="fl-2b"/>
      </object_component>
      <object_component id="oc-b2">
         <name>.debug_abbrev</name>
         <load_address>0x1f9c</load_address>
         <run_address>0x1f9c</run_address>
         <size>0xa3</size>
         <input_file_ref idref="fl-2c"/>
      </object_component>
      <object_component id="oc-b6">
         <name>.debug_abbrev</name>
         <load_address>0x203f</load_address>
         <run_address>0x203f</run_address>
         <size>0xb2</size>
         <input_file_ref idref="fl-2d"/>
      </object_component>
      <object_component id="oc-ba">
         <name>.debug_abbrev</name>
         <load_address>0x20f1</load_address>
         <run_address>0x20f1</run_address>
         <size>0xd2</size>
         <input_file_ref idref="fl-2e"/>
      </object_component>
      <object_component id="oc-be">
         <name>.debug_abbrev</name>
         <load_address>0x21c3</load_address>
         <run_address>0x21c3</run_address>
         <size>0xd6</size>
         <input_file_ref idref="fl-2f"/>
      </object_component>
      <object_component id="oc-c3">
         <name>.debug_abbrev</name>
         <load_address>0x2299</load_address>
         <run_address>0x2299</run_address>
         <size>0xe1</size>
         <input_file_ref idref="fl-30"/>
      </object_component>
      <object_component id="oc-c7">
         <name>.debug_abbrev</name>
         <load_address>0x237a</load_address>
         <run_address>0x237a</run_address>
         <size>0xc9</size>
         <input_file_ref idref="fl-31"/>
      </object_component>
      <object_component id="oc-cb">
         <name>.debug_abbrev</name>
         <load_address>0x2443</load_address>
         <run_address>0x2443</run_address>
         <size>0xcd</size>
         <input_file_ref idref="fl-32"/>
      </object_component>
      <object_component id="oc-cf">
         <name>.debug_abbrev</name>
         <load_address>0x2510</load_address>
         <run_address>0x2510</run_address>
         <size>0xfb</size>
         <input_file_ref idref="fl-33"/>
      </object_component>
      <object_component id="oc-d3">
         <name>.debug_abbrev</name>
         <load_address>0x260b</load_address>
         <run_address>0x260b</run_address>
         <size>0xc4</size>
         <input_file_ref idref="fl-34"/>
      </object_component>
      <object_component id="oc-d7">
         <name>.debug_abbrev</name>
         <load_address>0x26cf</load_address>
         <run_address>0x26cf</run_address>
         <size>0xa3</size>
         <input_file_ref idref="fl-35"/>
      </object_component>
      <object_component id="oc-db">
         <name>.debug_abbrev</name>
         <load_address>0x2772</load_address>
         <run_address>0x2772</run_address>
         <size>0xb2</size>
         <input_file_ref idref="fl-36"/>
      </object_component>
      <object_component id="oc-df">
         <name>.debug_abbrev</name>
         <load_address>0x2824</load_address>
         <run_address>0x2824</run_address>
         <size>0xd2</size>
         <input_file_ref idref="fl-37"/>
      </object_component>
      <object_component id="oc-e3">
         <name>.debug_abbrev</name>
         <load_address>0x28f6</load_address>
         <run_address>0x28f6</run_address>
         <size>0xce</size>
         <input_file_ref idref="fl-38"/>
      </object_component>
      <object_component id="oc-e7">
         <name>.debug_abbrev</name>
         <load_address>0x29c4</load_address>
         <run_address>0x29c4</run_address>
         <size>0x12a</size>
         <input_file_ref idref="fl-39"/>
      </object_component>
      <object_component id="oc-eb">
         <name>.debug_abbrev</name>
         <load_address>0x2aee</load_address>
         <run_address>0x2aee</run_address>
         <size>0xce</size>
         <input_file_ref idref="fl-3a"/>
      </object_component>
      <object_component id="oc-ef">
         <name>.debug_abbrev</name>
         <load_address>0x2bbc</load_address>
         <run_address>0x2bbc</run_address>
         <size>0x108</size>
         <input_file_ref idref="fl-3b"/>
      </object_component>
      <object_component id="oc-f3">
         <name>.debug_abbrev</name>
         <load_address>0x2cc4</load_address>
         <run_address>0x2cc4</run_address>
         <size>0x38</size>
         <input_file_ref idref="fl-3c"/>
      </object_component>
      <object_component id="oc-fa">
         <name>.debug_abbrev</name>
         <load_address>0x2cfc</load_address>
         <run_address>0x2cfc</run_address>
         <size>0x1d9</size>
         <input_file_ref idref="fl-3d"/>
      </object_component>
      <object_component id="oc-fe">
         <name>.debug_abbrev</name>
         <load_address>0x2ed5</load_address>
         <run_address>0x2ed5</run_address>
         <size>0xf3</size>
         <input_file_ref idref="fl-3e"/>
      </object_component>
      <object_component id="oc-102">
         <name>.debug_abbrev</name>
         <load_address>0x2fc8</load_address>
         <run_address>0x2fc8</run_address>
         <size>0xc4</size>
         <input_file_ref idref="fl-3f"/>
      </object_component>
      <object_component id="oc-108">
         <name>.debug_abbrev</name>
         <load_address>0x308c</load_address>
         <run_address>0x308c</run_address>
         <size>0x17e</size>
         <input_file_ref idref="fl-40"/>
      </object_component>
      <object_component id="oc-10c">
         <name>.debug_abbrev</name>
         <load_address>0x320a</load_address>
         <run_address>0x320a</run_address>
         <size>0x10c</size>
         <input_file_ref idref="fl-41"/>
      </object_component>
      <object_component id="oc-110">
         <name>.debug_abbrev</name>
         <load_address>0x3316</load_address>
         <run_address>0x3316</run_address>
         <size>0xd5</size>
         <input_file_ref idref="fl-42"/>
      </object_component>
      <object_component id="oc-13a">
         <name>.debug_abbrev</name>
         <load_address>0x33eb</load_address>
         <run_address>0x33eb</run_address>
         <size>0xd</size>
      </object_component>
      <object_component id="oc-15">
         <name>.csldata:SYS_data</name>
         <uninitialized>true</uninitialized>
         <run_address>0xcda4</run_address>
         <size>0x40</size>
         <input_file_ref idref="fl-9"/>
      </object_component>
      <object_component id="oc-42">
         <name>.csldata:MCBSP_data</name>
         <uninitialized>true</uninitialized>
         <run_address>0xccd8</run_address>
         <size>0xcc</size>
         <input_file_ref idref="fl-14"/>
      </object_component>
      <object_component id="oc-46">
         <name>.stack</name>
         <uninitialized>true</uninitialized>
         <run_address>0xc134</run_address>
         <size>0x0</size>
         <input_file_ref idref="fl-15"/>
      </object_component>
      <object_component id="oc-135">
         <name>.stack</name>
         <uninitialized>true</uninitialized>
         <run_address>0xc134</run_address>
         <size>0x0</size>
      </object_component>
      <object_component id="oc-a2">
         <name>.cio</name>
         <uninitialized>true</uninitialized>
         <run_address>0xca98</run_address>
[...]
         <name>_myConfig</name>
         <value>0x1749c</value>
         <object_component_ref idref="oc-4"/>
      </symbol>
      <symbol id="sm-91">
         <name>_MCBSP_config_SPI_0</name>
         <value>0x972d</value>
         <object_component_ref idref="oc-3"/>
      </symbol>
      <symbol id="sm-92">
         <name>_delay</name>
         <value>0x9787</value>
         <object_component_ref idref="oc-3"/>
      </symbol>
      <symbol id="sm-93">
         <name>_I2Cinit</name>
         <value>0x174a4</value>
         <object_component_ref idref="oc-4"/>
      </symbol>
      <symbol id="sm-94">
         <name>_GPIO_init</name>
         <value>0x9761</value>
         <object_component_ref idref="oc-3"/>
      </symbol>
      <symbol id="sm-95">
         <name>_ConfigLoopBack32_0</name>
         <value>0x174b2</value>
         <object_component_ref idref="oc-4"/>
      </symbol>
      <symbol id="sm-96">
         <name>_mhMcbsp0</name>
         <value>0x174e8</value>
         <object_component_ref idref="oc-4"/>
      </symbol>
      <symbol id="sm-97">
         <name>_flash_data</name>
         <value>0x10000</value>
         <object_component_ref idref="oc-4"/>
      </symbol>
      <symbol id="sm-a1">
         <name>__CSL_init</name>
         <value>0xbdad</value>
         <object_component_ref idref="oc-b"/>
      </symbol>
      <symbol id="sm-ad">
         <name>_CSL5509_LIB_</name>
         <value>0xbdc9</value>
         <object_component_ref idref="oc-f"/>
      </symbol>
      <symbol id="sm-ae">
         <name>_CSL_init</name>
         <value>0xbd95</value>
         <object_component_ref idref="oc-10"/>
      </symbol>
      <symbol id="sm-ba">
         <name>_CSL_SysData</name>
         <value>0xcda4</value>
         <object_component_ref idref="oc-15"/>
      </symbol>
      <symbol id="sm-c4">
         <name>_I2C_read</name>
         <value>0xaae7</value>
         <object_component_ref idref="oc-19"/>
      </symbol>
      <symbol id="sm-ce">
         <name>_I2C_setup</name>
         <value>0xb830</value>
         <object_component_ref idref="oc-1d"/>
      </symbol>
      <symbol id="sm-d8">
         <name>_I2C_write</name>
         <value>0xa93c</value>
         <object_component_ref idref="oc-21"/>
      </symbol>
      <symbol id="sm-e2">
         <name>_IRQ_globalDisable</name>
         <value>0xbd88</value>
         <object_component_ref idref="oc-25"/>
      </symbol>
      <symbol id="sm-ec">
         <name>_IRQ_globalRestore</name>
         <value>0xbda1</value>
         <object_component_ref idref="oc-29"/>
      </symbol>
      <symbol id="sm-f6">
         <name>_MCBSP_config</name>
         <value>0xada3</value>
         <object_component_ref idref="oc-2d"/>
      </symbol>
      <symbol id="sm-100">
         <name>_MCBSP_open</name>
         <value>0xaff8</value>
         <object_component_ref idref="oc-31"/>
      </symbol>
      <symbol id="sm-10a">
         <name>_MCBSP_reset</name>
         <value>0xa754</value>
         <object_component_ref idref="oc-35"/>
      </symbol>
      <symbol id="sm-114">
         <name>_MCBSP_start</name>
         <value>0xb57d</value>
         <object_component_ref idref="oc-39"/>
      </symbol>
      <symbol id="sm-11e">
         <name>_PLL_config</name>
         <value>0xb897</value>
         <object_component_ref idref="oc-3d"/>
      </symbol>
      <symbol id="sm-12a">
         <name>_CSL_McbspData</name>
         <value>0xccd8</value>
         <object_component_ref idref="oc-42"/>
      </symbol>
      <symbol id="sm-136">
         <name>__stack</name>
         <value>0xc134</value>
         <object_component_ref idref="oc-46"/>
      </symbol>
      <symbol id="sm-137">
         <name>__sysstack</name>
         <value>0xc774</value>
         <object_component_ref idref="oc-111"/>
      </symbol>
      <symbol id="sm-138">
         <name>_c_int00</name>
         <value>0xbad3</value>
         <object_component_ref idref="oc-2"/>
      </symbol>
      <symbol id="sm-148">
         <name>__dtors_ptr</name>
         <value>0x1790c</value>
         <object_component_ref idref="oc-4b"/>
      </symbol>
      <symbol id="sm-149">
         <name>C$$EXIT</name>
         <value>0xbdc3</value>
         <object_component_ref idref="oc-4e"/>
      </symbol>
      <symbol id="sm-14a">
         <name>_abort</name>
         <value>0xbdc2</value>
         <object_component_ref idref="oc-4e"/>
      </symbol>
      <symbol id="sm-14b">
         <name>_exit</name>
         <value>0xbc7c</value>
         <object_component_ref idref="oc-4a"/>
      </symbol>
      <symbol id="sm-14c">
         <name>__cleanup_ptr</name>
         <value>0x17908</value>
         <object_component_ref idref="oc-4b"/>
      </symbol>
      <symbol id="sm-154">
         <name>__divu</name>
         <value>0xbcdc</value>
         <object_component_ref idref="oc-51"/>
      </symbol>
      <symbol id="sm-155">
         <name>I$$UDIV</name>
         <value>0xbcdc</value>
         <object_component_ref idref="oc-51"/>
      </symbol>
      <symbol id="sm-156">
         <name>I$$UMOD</name>
         <value>0xbcf1</value>
         <object_component_ref idref="oc-51"/>
      </symbol>
      <symbol id="sm-157">
         <name>__remu</name>
         <value>0xbcf1</value>
         <object_component_ref idref="oc-51"/>
      </symbol>
      <symbol id="sm-161">
         <name>_Reset</name>
         <value>0xffff00</value>
         <object_component_ref idref="oc-56"/>
      </symbol>
      <symbol id="sm-16f">
         <name>__lock</name>
         <value>0x17900</value>
         <object_component_ref idref="oc-5b"/>
      </symbol>
      <symbol id="sm-170">
         <name>__register_unlock</name>
         <value>0xbd68</value>
         <object_component_ref idref="oc-5a"/>
      </symbol>
      <symbol id="sm-171">
         <name>__nop</name>
         <value>0xbd76</value>
         <object_component_ref idref="oc-5a"/>
      </symbol>
      <symbol id="sm-172">
         <name>__register_lock</name>
         <value>0xbd6f</value>
         <object_component_ref idref="oc-5a"/>
      </symbol>
      <symbol id="sm-173">
         <name>__unlock</name>
         <value>0x17904</value>
         <object_component_ref idref="oc-5b"/>
      </symbol>
      <symbol id="sm-17d">
         <name>__args_main</name>
         <value>0xbbfd</value>
         <object_component_ref idref="oc-60"/>
      </symbol>
      <symbol id="sm-187">
         <name>_printf</name>
         <value>0xbb1f</value>
         <object_component_ref idref="oc-64"/>
      </symbol>
      <symbol id="sm-18f">
         <name>_auto_init</name>
         <value>0xb7c5</value>
         <object_component_ref idref="oc-68"/>
      </symbol>
      <symbol id="sm-1a1">
         <name>__printfi</name>
         <value>0x88f6</value>
         <object_component_ref idref="oc-6c"/>
      </symbol>
      <symbol id="sm-1ab">
         <name>_atoi</name>
         <value>0xba1f</value>
         <object_component_ref idref="oc-72"/>
      </symbol>
      <symbol id="sm-1b3">
         <name>__ctypes_</name>
         <value>0xbdd0</value>
         <object_component_ref idref="oc-112"/>
      </symbol>
      <symbol id="sm-1bd">
         <name>__ftable</name>
         <value>0x174ea</value>
         <object_component_ref idref="oc-78"/>
      </symbol>
      <symbol id="sm-1be">
         <name>__tmpnams</name>
         <value>0x17562</value>
         <object_component_ref idref="oc-78"/>
      </symbol>
      <symbol id="sm-1bf">
         <name>__ft_end</name>
         <value>0x176a2</value>
         <object_component_ref idref="oc-78"/>
      </symbol>
      <symbol id="sm-1c9">
         <name>_putchar</name>
         <value>0xb570</value>
         <object_component_ref idref="oc-7c"/>
      </symbol>
      <symbol id="sm-1ca">
         <name>_fputc</name>
         <value>0xb4f8</value>
         <object_component_ref idref="oc-7c"/>
      </symbol>
      <symbol id="sm-1cb">
         <name>_putc</name>
         <value>0xb4f8</value>
         <object_component_ref idref="oc-7c"/>
      </symbol>
      <symbol id="sm-1d9">
         <name>_fputs</name>
         <value>0xaece</value>
         <object_component_ref idref="oc-80"/>
      </symbol>
      <symbol id="sm-1da">
         <name>_puts</name>
         <value>0xafd6</value>
         <object_component_ref idref="oc-80"/>
      </symbol>
      <symbol id="sm-1ec">
         <name>_rename</name>
         <value>0x8c07</value>
         <object_component_ref idref="oc-85"/>
      </symbol>
      <symbol id="sm-1ed">
         <name>_add_device</name>
         <value>0x8e60</value>
         <object_component_ref idref="oc-85"/>
      </symbol>
      <symbol id="sm-1ee">
         <name>_write</name>
         <value>0x8aca</value>
         <object_component_ref idref="oc-85"/>
      </symbol>
      <symbol id="sm-1ef">
         <name>_find_registered_device</name>
         <value>0x8dfa</value>
         <object_component_ref idref="oc-85"/>
      </symbol>
      <symbol id="sm-1f0">
         <name>_open</name>
         <value>0x8d0f</value>
         <object_component_ref idref="oc-85"/>
      </symbol>
      <symbol id="sm-1f1">
         <name>_lseek</name>
         <value>0x8da3</value>
         <object_component_ref idref="oc-85"/>
      </symbol>
      <symbol id="sm-1f2">
         <name>_unlink</name>
         <value>0x8bd9</value>
         <object_component_ref idref="oc-85"/>
      </symbol>
      <symbol id="sm-1f3">
         <name>_remove_device</name>
         <value>0x8c51</value>
         <object_component_ref idref="oc-85"/>
      </symbol>
      <symbol id="sm-1f4">
         <name>_read</name>
         <value>0x8c7e</value>
         <object_component_ref idref="oc-85"/>
      </symbol>
      <symbol id="sm-1f5">
         <name>_close</name>
         <value>0x8e03</value>
         <object_component_ref idref="oc-85"/>
      </symbol>
      <symbol id="sm-1ff">
         <name>_ltoa</name>
         <value>0xb671</value>
         <object_component_ref idref="oc-8b"/>
      </symbol>
      <symbol id="sm-20a">
         <name>_memccpy</name>
         <value>0xbd06</value>
         <object_component_ref idref="oc-8f"/>
      </symbol>
      <symbol id="sm-216">
         <name>_HOSTclock</name>
         <value>0x934c</value>
         <object_component_ref idref="oc-93"/>
      </symbol>
      <symbol id="sm-217">
         <name>_HOSTrename</name>
         <value>0x90b8</value>
         <object_component_ref idref="oc-93"/>
      </symbol>
      <symbol id="sm-218">
         <name>_HOSTopen</name>
         <value>0x91cb</value>
         <object_component_ref idref="oc-93"/>
      </symbol>
      <symbol id="sm-219">
         <name>_HOSTlseek</name>
         <value>0x9252</value>
         <object_component_ref idref="oc-93"/>
      </symbol>
      <symbol id="sm-21a">
         <name>_getenv</name>
         <value>0x8f36</value>
         <object_component_ref idref="oc-93"/>
      </symbol>
      <symbol id="sm-21b">
         <name>_HOSTunlink</name>
         <value>0x9012</value>
         <object_component_ref idref="oc-93"/>
      </symbol>
      <symbol id="sm-21c">
         <name>_HOSTclose</name>
         <value>0x92f5</value>
         <object_component_ref idref="oc-93"/>
      </symbol>
      <symbol id="sm-21d">
         <name>_HOSTwrite</name>
         <value>0x8f98</value>
         <object_component_ref idref="oc-93"/>
      </symbol>
      <symbol id="sm-21e">
         <name>_HOSTread</name>
         <value>0x9151</value>
         <object_component_ref idref="oc-93"/>
      </symbol>
      <symbol id="sm-21f">
         <name>_HOSTtime</name>
         <value>0x9069</value>
         <object_component_ref idref="oc-93"/>
      </symbol>
      <symbol id="sm-229">
         <name>__divull</name>
         <value>0xa21f</value>
         <object_component_ref idref="oc-98"/>
      </symbol>
      <symbol id="sm-22a">
         <name>__mpylli</name>
         <value>0xa167</value>
         <object_component_ref idref="oc-98"/>
      </symbol>
      <symbol id="sm-22b">
         <name>__divlli</name>
         <value>0xa313</value>
         <object_component_ref idref="oc-98"/>
      </symbol>
      <symbol id="sm-22c">
         <name>__remull</name>
         <value>0xa0ea</value>
         <object_component_ref idref="oc-98"/>
      </symbol>
      <symbol id="sm-22d">
         <name>__remlli</name>
         <value>0xa138</value>
         <object_component_ref idref="oc-98"/>
      </symbol>
      <symbol id="sm-235">
         <name>_memcpy</name>
         <value>0xbc3d</value>
         <object_component_ref idref="oc-9c"/>
      </symbol>
      <symbol id="sm-247">
         <name>C$$IO$$</name>
         <value>0xb452</value>
         <object_component_ref idref="oc-a3"/>
      </symbol>
      <symbol id="sm-248">
         <name>_readmsg</name>
         <value>0xb9be</value>
         <object_component_ref idref="oc-a0"/>
      </symbol>
      <symbol id="sm-249">
         <name>__CIOBUF_</name>
         <value>0xca98</value>
         <object_component_ref idref="oc-a2"/>
      </symbol>
      <symbol id="sm-24a">
         <name>_writemsg</name>
         <value>0xb3af</value>
         <object_component_ref idref="oc-a3"/>
      </symbol>
      <symbol id="sm-254">
         <name>__gtrd</name>
         <value>0xa633</value>
         <object_component_ref idref="oc-a6"/>
      </symbol>
      <symbol id="sm-255">
         <name>__leqd</name>
         <value>0xa5e6</value>
         <object_component_ref idref="oc-a6"/>
      </symbol>
      <symbol id="sm-256">
         <name>__cmpd</name>
         <value>0xa6fc</value>
         <object_component_ref idref="oc-a6"/>
      </symbol>
      <symbol id="sm-257">
         <name>__geqd</name>
         <value>0xa67e</value>
         <object_component_ref idref="oc-a6"/>
      </symbol>
      <symbol id="sm-258">
         <name>__eqld</name>
         <value>0xa6c8</value>
         <object_component_ref idref="oc-a6"/>
      </symbol>
      <symbol id="sm-259">
         <name>__lssd</name>
         <value>0xa59e</value>
         <object_component_ref idref="oc-a6"/>
      </symbol>
      <symbol id="sm-25a">
         <name>__neqd</name>
         <value>0xa56a</value>
         <object_component_ref idref="oc-a6"/>
      </symbol>
      <symbol id="sm-268">
         <name>__divd</name>
         <value>0x9b4b</value>
         <object_component_ref idref="oc-aa"/>
      </symbol>
      <symbol id="sm-272">
         <name>__divli</name>
         <value>0xbbb5</value>
         <object_component_ref idref="oc-af"/>
      </symbol>
      <symbol id="sm-27d">
         <name>__divul</name>
         <value>0xb457</value>
         <object_component_ref idref="oc-b3"/>
      </symbol>
      <symbol id="sm-287">
         <name>__fixdi</name>
         <value>0xbcb2</value>
         <object_component_ref idref="oc-b7"/>
      </symbol>
      <symbol id="sm-291">
         <name>__fixdli</name>
         <value>0xb756</value>
         <object_component_ref idref="oc-bb"/>
      </symbol>
      <symbol id="sm-29d">
         <name>__fltlid</name>
         <value>0xb8fb</value>
         <object_component_ref idref="oc-bf"/>
      </symbol>
      <symbol id="sm-2a7">
         <name>__frcmpyd_div</name>
         <value>0xb0dc</value>
         <object_component_ref idref="oc-c4"/>
      </symbol>
      <symbol id="sm-2b1">
         <name>___isinf</name>
         <value>0xbd25</value>
         <object_component_ref idref="oc-c8"/>
      </symbol>
      <symbol id="sm-2bb">
         <name>__mpyd</name>
         <value>0xac4b</value>
         <object_component_ref idref="oc-cc"/>
      </symbol>
      <symbol id="sm-2c5">
         <name>__negd</name>
         <value>0xbd78</value>
         <object_component_ref idref="oc-d0"/>
      </symbol>
      <symbol id="sm-2cf">
         <name>__remli</name>
         <value>0xbb6a</value>
         <object_component_ref idref="oc-d4"/>
      </symbol>
      <symbol id="sm-2da">
         <name>__remul</name>
         <value>0xb6e4</value>
         <object_component_ref idref="oc-d8"/>
      </symbol>
      <symbol id="sm-2e4">
         <name>__subd</name>
         <value>0xbd41</value>
         <object_component_ref idref="oc-dc"/>
      </symbol>
      <symbol id="sm-2ee">
         <name>__wrt_ok</name>
         <value>0xb1a4</value>
         <object_component_ref idref="oc-e0"/>
      </symbol>
      <symbol id="sm-2ef">
         <name>__rd_ok</name>
         <value>0xb20a</value>
         <object_component_ref idref="oc-e0"/>
      </symbol>
      <symbol id="sm-2f9">
         <name>_fflush</name>
         <value>0xb35e</value>
         <object_component_ref idref="oc-e4"/>
      </symbol>
      <symbol id="sm-2fa">
         <name>__doflush</name>
         <value>0xb305</value>
         <object_component_ref idref="oc-e4"/>
      </symbol>
      <symbol id="sm-304">
         <name>_fseek</name>
         <value>0xba7b</value>
         <object_component_ref idref="oc-e8"/>
      </symbol>
      <symbol id="sm-30e">
         <name>_setvbuf</name>
         <value>0xb258</value>
         <object_component_ref idref="oc-ec"/>
      </symbol>
      <symbol id="sm-316">
         <name>I$$LMPY</name>
         <value>0xbd55</value>
         <object_component_ref idref="oc-f0"/>
      </symbol>
      <symbol id="sm-317">
         <name>__mpyli</name>
         <value>0xbd55</value>
         <object_component_ref idref="oc-f0"/>
      </symbol>
      <symbol id="sm-327">
         <name>_free_memory</name>
         <value>0x9abd</value>
         <object_component_ref idref="oc-f4"/>
      </symbol>
      <symbol id="sm-328">
         <name>__sys_memory</name>
         <value>0xc454</value>
         <object_component_ref idref="oc-f8"/>
      </symbol>
      <symbol id="sm-329">
         <name>_chkheap</name>
         <value>0x9b03</value>
         <object_component_ref idref="oc-f4"/>
      </symbol>
      <symbol id="sm-32a">
         <name>_free</name>
         <value>0x97a9</value>
         <object_component_ref idref="oc-f4"/>
      </symbol>
      <symbol id="sm-32b">
         <name>_minit</name>
         <value>0x9838</value>
         <object_component_ref idref="oc-f4"/>
      </symbol>
      <symbol id="sm-32c">
         <name>_calloc</name>
         <value>0x9b07</value>
         <object_component_ref idref="oc-f4"/>
      </symbol>
      <symbol id="sm-32d">
         <name>_max_free</name>
         <value>0x9a74</value>
         <object_component_ref idref="oc-f4"/>
      </symbol>
      <symbol id="sm-32e">
         <name>_realloc</name>
         <value>0x9930</value>
         <object_component_ref idref="oc-f4"/>
      </symbol>
      <symbol id="sm-32f">
         <name>_malloc</name>
         <value>0x9884</value>
         <object_component_ref idref="oc-f4"/>
      </symbol>
      <symbol id="sm-339">
         <name>__addd</name>
         <value>0x9e8b</value>
         <object_component_ref idref="oc-fb"/>
      </symbol>
      <symbol id="sm-343">
         <name>__frcmpyd</name>
         <value>0xb5fb</value>
         <object_component_ref idref="oc-ff"/>
      </symbol>
      <symbol id="sm-352">
         <name>_fopen</name>
         <value>0xa53e</value>
         <object_component_ref idref="oc-103"/>
      </symbol>
      <symbol id="sm-353">
         <name>_freopen</name>
         <value>0xa4a5</value>
         <object_component_ref idref="oc-103"/>
      </symbol>
      <symbol id="sm-354">
         <name>__cleanup</name>
         <value>0xa457</value>
         <object_component_ref idref="oc-103"/>
      </symbol>
      <symbol id="sm-35e">
         <name>_fclose</name>
         <value>0xb95d</value>
         <object_component_ref idref="oc-109"/>
      </symbol>
      <symbol id="sm-368">
         <name>_remove</name>
         <value>0xbdb8</value>
         <object_component_ref idref="oc-10d"/>
      </symbol>
   </symbol_table>
</link_info>
