******************************************************************************
              TMS320C55x Linker PC v4.4.1                      
******************************************************************************
>> Linked Mon May 16 15:47:49 2016

OUTPUT FILE NAME:   <D:/Program files/CCSproject_source/my_i2cFLASHBURN/I2C_FLASHBURN/I2C_FLASHBURN/../Debug/I2C_FLASHBURN.out>
ENTRY POINT SYMBOL: "_c_int00"  address: 0000bad3


MEMORY CONFIGURATION

         name            origin    length      used     unused   attr    fill
                        (bytes)   (bytes)    (bytes)   (bytes)
----------------------  --------  ---------  --------  --------  ----  --------
  RAM                   00000100   0000feff  0000ccde  00003221  R IX
  ROM                   00010000   0000ffff  00007918  000086e7  RWIX
  VECS                  00ffff00   00000100  00000100  00000000  R IX


SECTION ALLOCATION MAP
(Addresses surrounded by []'s are displayed for convenience only!)

output                                                          attributes/
section   page  orgn(bytes) orgn(words) len(bytes) len(words)   input sections
--------  ----  ----------- ----------- ---------- ----------   --------------
.pinit       0   [ 00010000 ]  00008000          *   00000000   UNINITIALIZED

.cinit       0   [ 00000100 ]  00000080          *   00003b6a   
                 [ 00000100 ]  00000080          *   00003a80   I2C_FLASHBURN_main.obj (.cinit)
                 [ 00007600 ]  00003b00          *   00000069   csl5509.lib : csl_mcbspdat.obj (.cinit)
                 [ 000076d2 ]  00003b69          *   00000028   rts55.lib : lowlev.obj (.cinit)
                 [ 00007722 ]  00003b91          *   00000023   csl5509.lib : csl_csldat.obj (.cinit)
                 [ 00007768 ]  00003bb4          *   00000019   rts55.lib : defs.obj (.cinit)
                 [ 0000779a ]  00003bcd          *   0000000a             : _lock.obj (.cinit)
                 [ 000077ae ]  00003bd7          *   0000000a             : exit.obj (.cinit)
                 [ 000077c2 ]  00003be1          *   00000004             : fopen.obj (.cinit)
                 [ 000077ca ]  00003be5          *   00000004             : memory.obj (.cinit)
                 [ 000077d2 ]  00003be9          *   00000001   --HOLE-- [fill = 0]

.text        0     000077d4  [ 00003bea ] 000045fa          *   
                   000077d4  [ 00003bea ] 000012f6          *   rts55.lib : _printfi.obj (.text)
                   00008aca  [ 00004565 ] 0000046c          *             : lowlev.obj (.text)
                   00008f36  [ 0000479b ] 00000465          *             : trgdrv.obj (.text)
                   0000939b  [ 000049cd+] 0000040e          *   I2C_FLASHBURN_main.obj (.text)
                   000097a9  [ 00004bd4+] 00000380          *   rts55.lib : memory.obj (.text)
                   00009b29  [ 00004d94+] 00000362          *             : divd.obj (.text)
                   00009e8b  [ 00004f45+] 0000025f          *             : addd.obj (.text)
                   0000a0ea  [ 00005075 ] 0000025e          *             : llmpy.obj (.text)
                   0000a348  [ 000051a4 ] 00000222          *             : fopen.obj (.text)
                   0000a56a  [ 000052b5 ] 000001ea          *             : cmpd.obj (.text)
                   0000a754  [ 000053aa ] 000001e8          *   csl5509.lib : mcbsp_rst.obj (.text:MCBSP_reset)
                   0000a93c  [ 0000549e ] 000001ab          *               : i2c_write.obj (.text:I2C_write)
                   0000aae7  [ 00005573+] 00000164          *               : i2c_read.obj (.text:I2C_read)
                   0000ac4b  [ 00005625+] 00000158          *   rts55.lib : mpyd.obj (.text)
                   0000ada3  [ 000056d1+] 0000012b          *   csl5509.lib : mcbsp_cfg.obj (.text:MCBSP_config)
                   0000aece  [ 00005767 ] 0000012a          *   rts55.lib : fputs.obj (.text)
                   0000aff8  [ 000057fc ] 000000e4          *   csl5509.lib : mcbsp_open.obj (.text:MCBSP_open)
                   0000b0dc  [ 0000586e ] 000000c8          *   rts55.lib : frcmpyd_div.obj (.text)
                   0000b1a4  [ 000058d2 ] 000000b4          *             : _io_perm.obj (.text)
                   0000b258  [ 0000592c ] 000000ad          *             : setvbuf.obj (.text)
                   0000b305  [ 00005982+] 000000aa          *             : fflush.obj (.text)
                   0000b3af  [ 000059d7+] 000000a8          *             : trgmsg.obj (.text:CIO_breakpoint)
                   0000b457  [ 00005a2b+] 000000a1          *             : divul.obj (.text)
                   0000b4f8  [ 00005a7c ] 00000085          *             : fputc.obj (.text)
                   0000b57d  [ 00005abe+] 0000007e          *   csl5509.lib : mcbsp_start.obj (.text:MCBSP_start)
                   0000b5fb  [ 00005afd+] 00000076          *   rts55.lib : frcmpyd.obj (.text)
                   0000b671  [ 00005b38+] 00000073          *             : ltoa.obj (.text)
                   0000b6e4  [ 00005b72 ] 00000072          *             : remul.obj (.text)
                   0000b756  [ 00005bab ] 0000006f          *             : fixdli.obj (.text)
                   0000b7c5  [ 00005be2+] 0000006b          *             : autoinit.obj (.text)
                   0000b830  [ 00005c18 ] 00000067          *   csl5509.lib : i2c_setup.obj (.text:I2C_setup)
                   0000b897  [ 00005c4b+] 00000064          *               : pll_cfg.obj (.text:PLL_config)
                   0000b8fb  [ 00005c7d+] 00000062          *   rts55.lib : fltlid.obj (.text)
                   0000b95d  [ 00005cae+] 00000061          *             : fclose.obj (.text)
                   0000b9be  [ 00005cdf ] 00000061          *             : trgmsg.obj (.text)
                   0000ba1f  [ 00005d0f+] 0000005c          *             : atoi.obj (.text)
                   0000ba7b  [ 00005d3d+] 00000058          *             : fseek.obj (.text)
                   0000bad3  [ 00005d69+] 0000004c          *             : boot.obj (.text)
                   0000bb1f  [ 00005d8f+] 0000004b          *             : printf.obj (.text)
                   0000bb6a  [ 00005db5 ] 0000004b          *             : remli.obj (.text)
                   0000bbb5  [ 00005dda+] 00000048          *             : divli.obj (.text)
                   0000bbfd  [ 00005dfe+] 00000040          *             : args_main.obj (.text)
                   0000bc3d  [ 00005e1e+] 0000003f          *             : memcpy.obj (.text)
                   0000bc7c  [ 00005e3e ] 00000036          *             : exit.obj (.text)
                   0000bcb2  [ 00005e59 ] 0000002a          *             : fixdi.obj (.text)
                   0000bcdc  [ 00005e6e ] 0000002a          *             : udiv.obj (.text)
                   0000bd06  [ 00005e83 ] 0000001f          *             : memccpy.obj (.text)
                   0000bd25  [ 00005e92+] 0000001c          *             : isinf.obj (.text)
                   0000bd41  [ 00005ea0+] 00000014          *             : subd.obj (.text)
                   0000bd55  [ 00005eaa+] 00000013          *             : lmpy.obj (.text)
                   0000bd68  [ 00005eb4 ] 00000010          *             : _lock.obj (.text)
                   0000bd78  [ 00005ebc ] 00000010          *             : negd.obj (.text)
                   0000bd88  [ 00005ec4 ] 0000000d          *   csl5509.lib : irq_gdisab.obj (.text:IRQ_globalDisable)
                   0000bd95  [ 00005eca+] 0000000c          *               : csl.obj (.text:CSL_init)
                   0000bda1  [ 00005ed0+] 0000000c          *               : irq_grest.obj (.text:IRQ_globalRestore)
                   0000bdad  [ 00005ed6+] 0000000b          *               : _csl_init.obj (.text:_CSL_init)
                   0000bdb8  [ 00005edc ] 0000000a          *   rts55.lib : remove.obj (.text)
                   0000bdc2  [ 00005ee1 ] 00000007          *             : exit.obj (.text:CIO_breakpoint)
                   0000bdc9  [ 00005ee4+] 00000002          *   csl5509.lib : csl.obj (.text)
                   0000bdcb  [ 00005ee5+] 00000002          *   rts55.lib : vectors.obj (.text)
                   0000bdcd  [ 00005ee6 ] 00000001          *   --HOLE-- [fill = 20]

.const       0   [ 0000bdd0 ]  00005ee8          *   000001b2   
                 [ 0000bdd0 ]  00005ee8          *   00000101   rts55.lib : ctype.obj (.const:__ctypes_)
                 [ 0000bfd2 ]  00005fe9          *   00000073   I2C_FLASHBURN_main.obj (.const:.string)
                 [ 0000c0b8 ]  0000605c          *   00000023   rts55.lib : _printfi.obj (.const:.string)
                 [ 0000c0fe ]  0000607f          *   00000001   --HOLE-- [fill = 0]
                 [ 0000c100 ]  00006080          *   0000000c             : _printfi.obj (.const)
                 [ 0000c118 ]  0000608c          *   00000008             : divd.obj (.const:_initial_approx$1)
                 [ 0000c128 ]  00006094          *   00000002             : fputs.obj (.const:.string)
                 [ 0000c12c ]  00006096          *   00000002             : divd.obj (.const)
                 [ 0000c130 ]  00006098          *   00000002             : fltlid.obj (.const)

.stack       0   [ 0000c134 ]  0000609a          *   00000190   UNINITIALIZED
                 [ 0000c134 ]  0000609a          *   00000190   --HOLE--

.sysmem      0   [ 0000c454 ]  0000622a          *   00000190   UNINITIALIZED
                 [ 0000c454 ]  0000622a          *   00000190   --HOLE--

.sysstack 
*            0   [ 0000c774 ]  000063ba          *   00000190   UNINITIALIZED
                 [ 0000c774 ]  000063ba          *   00000190   --HOLE--

.cio         0   [ 0000ca98 ]  0000654c          *   00000120   UNINITIALIZED
                 [ 0000ca98 ]  0000654c          *   00000120   rts55.lib : trgmsg.obj (.cio)

.csldata     0   [ 0000ccd8 ]  0000666c          *   00000086   UNINITIALIZED
                 [ 0000ccd8 ]  0000666c          *   00000066   csl5509.lib : csl_mcbspdat.obj (.csldata:MCBSP_data)
                 [ 0000cda4 ]  000066d2          *   00000020               : csl_csldat.obj (.csldata:SYS_data)

.data        0   [ 00010000 ]  00008000          *   00000000   UNINITIALIZED

.bss         0   [ 00010000 ]  00008000          *   00003c8c   UNINITIALIZED
                 [ 00010000 ]  00008000          *   00003a75   I2C_FLASHBURN_main.obj (.bss)
                 [ 000174ea ]  0000ba75          *   000000dd   rts55.lib : defs.obj (.bss)
                 [ 000176a4 ]  0000bb52          *   000000d0             : trgdrv.obj (.bss)
                 [ 00017844 ]  0000bc22          *   0000005d             : lowlev.obj (.bss)
                 [ 000178fe ]  0000bc7f          *   00000001             : fopen.obj (.bss)
                 [ 00017900 ]  0000bc80          *   00000004             : _lock.obj (.bss)
                 [ 00017908 ]  0000bc84          *   00000004             : exit.obj (.bss)
                 [ 00017910 ]  0000bc88          *   00000004             : memory.obj (.bss)

vectors      0     00ffff00  [ 007fff80 ] 00000100          *   
                   00ffff00  [ 007fff80 ] 00000100          *   rts55.lib : vectors.obj (vectors)


GLOBAL SYMBOLS: SORTED ALPHABETICALLY BY Name 

abs. value/
byte addr   word addr   name
---------   ---------   ----
00000002                $TI_capability$C5500$CallingConvention
00000001                $TI_capability$C5500$MemoryModel
00000001                $TI_capability_requires_rev2
            00008000    .bss
            00008000    .data
000077d4                .text
0000bdc3                C$$EXIT
0000b452                C$$IO$$
0000bd55                I$$LMPY
0000bcdc                I$$UDIV
0000bcf1                I$$UMOD
0000bdc9                _CSL5509_LIB_
            0000666c    _CSL_McbspData
            000066d2    _CSL_SysData
0000bd95                _CSL_init
            0000ba59    _ConfigLoopBack32_0
00009761                _GPIO_init
0000934c                _HOSTclock
000092f5                _HOSTclose
00009252                _HOSTlseek
000091cb                _HOSTopen
00009151                _HOSTread
000090b8                _HOSTrename
00009069                _HOSTtime
00009012                _HOSTunlink
00008f98                _HOSTwrite
0000aae7                _I2C_read
0000b830                _I2C_setup
0000a93c                _I2C_write
            0000ba52    _I2Cinit
0000bd88                _IRQ_globalDisable
0000bda1                _IRQ_globalRestore
0000ada3                _MCBSP_config
0000972d                _MCBSP_config_SPI_0
0000aff8                _MCBSP_open
0000a754                _MCBSP_reset
0000b57d                _MCBSP_start
0000b897                _PLL_config
00ffff00                _Reset
            0000654c    __CIOBUF_
0000bdad                __CSL_init
            0000622a    __STACK_END
00000320                __STACK_SIZE
00000320                __SYSMEM_SIZE
00000320                __SYSSTACK_SIZE
ffffffff                ___binit__
            00008000    ___bss__
ffffffff                ___c_args__
            00000080    ___cinit__
            00008000    ___data__
            00008000    ___edata__
            0000bc8c    ___end__
0000bdce                ___etext__
0000bd25                ___isinf
ffffffff                ___pinit__
000077d4                ___text__
00009e8b                __addd
0000bbfd                __args_main
0000a457                __cleanup
            0000bc84    __cleanup_ptr
0000a6fc                __cmpd
            00005ee8    __ctypes_
00009b4b                __divd
0000bbb5                __divli
0000a313                __divlli
0000bcdc                __divu
0000b457                __divul
0000a21f                __divull
0000b305                __doflush
            0000bc86    __dtors_ptr
0000a6c8                __eqld
0000bcb2                __fixdi
0000b756                __fixdli
0000b8fb                __fltlid
0000b5fb                __frcmpyd
0000b0dc                __frcmpyd_div
            0000bb51    __ft_end
            0000ba75    __ftable
0000a67e                __geqd
0000a633                __gtrd
0000a5e6                __leqd
            0000bc80    __lock
0000a59e                __lssd
0000ac4b                __mpyd
0000bd55                __mpyli
0000a167                __mpylli
0000bd78                __negd
0000a56a                __neqd
0000bd76                __nop
000088f6                __printfi
0000b20a                __rd_ok
0000bd6f                __register_lock
0000bd68                __register_unlock
0000bb6a                __remli
0000a138                __remlli
0000bcf1                __remu
0000b6e4                __remul
0000a0ea                __remull
            0000609a    __stack
0000bd41                __subd
            0000622a    __sys_memory
            000063ba    __sysstack
            0000bab1    __tmpnams
            0000bc82    __unlock
0000b1a4                __wrt_ok
0000bdc2                _abort
00008e60                _add_device
0000ba1f                _atoi
0000b7c5                _auto_init
0000bad3                _c_int00
00009b07                _calloc
00009b03                _chkheap
00008e03                _close
00009787                _delay
0000bc7c                _exit
0000b95d                _fclose
0000b35e                _fflush
00008dfa                _find_registered_device
            00008000    _flash_data
0000a53e                _fopen
0000b4f8                _fputc
0000aece                _fputs
000097a9                _free
00009abd                _free_memory
0000a4a5                _freopen
0000ba7b                _fseek
00008f36                _getenv
00008da3                _lseek
0000b671                _ltoa
000093ab                _main
00009884                _malloc
00009a74                _max_free
0000bd06                _memccpy
0000bc3d                _memcpy
            0000ba74    _mhMcbsp0
00009838                _minit
            0000ba4e    _myConfig
00008d0f                _open
0000bb1f                _printf
0000b4f8                _putc
0000b570                _putchar
0000afd6                _puts
00008c7e                _read
0000b9be                _readmsg
00009930                _realloc
0000bdb8                _remove
00008c51                _remove_device
00008c07                _rename
0000b258                _setvbuf
00008bd9                _unlink
00008aca                _write
0000b3af                _writemsg
ffffffff                binit
            00000080    cinit
            00008000    edata
            0000bc8c    end
0000bdce                etext
ffffffff                pinit


GLOBAL SYMBOLS: SORTED BY Symbol Address 

abs. value/
byte addr   word addr   name
---------   ---------   ----
00000001                $TI_capability$C5500$MemoryModel
00000001                $TI_capability_requires_rev2
00000002                $TI_capability$C5500$CallingConvention
            00000080    ___cinit__
            00000080    cinit
00000320                __STACK_SIZE
00000320                __SYSMEM_SIZE
00000320                __SYSSTACK_SIZE
000077d4                .text
000077d4                ___text__
000088f6                __printfi
00008aca                _write
00008bd9                _unlink
00008c07                _rename
00008c51                _remove_device
00008c7e                _read
00008d0f                _open
00008da3                _lseek
00008dfa                _find_registered_device
00008e03                _close
00008e60                _add_device
00008f36                _getenv
00008f98                _HOSTwrite
00009012                _HOSTunlink
00009069                _HOSTtime
000090b8                _HOSTrename
00009151                _HOSTread
000091cb                _HOSTopen
00009252                _HOSTlseek
000092f5                _HOSTclose
0000934c                _HOSTclock
000093ab                _main
0000972d                _MCBSP_config_SPI_0
00009761                _GPIO_init
00009787                _delay
000097a9                _free
00009838                _minit
00009884                _malloc
00009930                _realloc
00009a74                _max_free
00009abd                _free_memory
00009b03                _chkheap
00009b07                _calloc
00009b4b                __divd
00009e8b                __addd
0000a0ea                __remull
0000a138                __remlli
0000a167                __mpylli
0000a21f                __divull
0000a313                __divlli
0000a457                __cleanup
0000a4a5                _freopen
0000a53e                _fopen
0000a56a                __neqd
0000a59e                __lssd
0000a5e6                __leqd
0000a633                __gtrd
0000a67e                __geqd
0000a6c8                __eqld
0000a6fc                __cmpd
0000a754                _MCBSP_reset
0000a93c                _I2C_write
0000aae7                _I2C_read
0000ac4b                __mpyd
0000ada3                _MCBSP_config
0000aece                _fputs
0000afd6                _puts
0000aff8                _MCBSP_open
0000b0dc                __frcmpyd_div
0000b1a4                __wrt_ok
0000b20a                __rd_ok
0000b258                _setvbuf
0000b305                __doflush
0000b35e                _fflush
0000b3af                _writemsg
0000b452                C$$IO$$
0000b457                __divul
0000b4f8                _fputc
0000b4f8                _putc
0000b570                _putchar
0000b57d                _MCBSP_start
0000b5fb                __frcmpyd
0000b671                _ltoa
0000b6e4                __remul
0000b756                __fixdli
0000b7c5                _auto_init
0000b830                _I2C_setup
0000b897                _PLL_config
0000b8fb                __fltlid
0000b95d                _fclose
0000b9be                _readmsg
0000ba1f                _atoi
0000ba7b                _fseek
0000bad3                _c_int00
0000bb1f                _printf
0000bb6a                __remli
0000bbb5                __divli
0000bbfd                __args_main
0000bc3d                _memcpy
0000bc7c                _exit
0000bcb2                __fixdi
0000bcdc                I$$UDIV
0000bcdc                __divu
0000bcf1                I$$UMOD
0000bcf1                __remu
0000bd06                _memccpy
0000bd25                ___isinf
0000bd41                __subd
0000bd55                I$$LMPY
0000bd55                __mpyli
0000bd68                __register_unlock
0000bd6f                __register_lock
0000bd76                __nop
0000bd78                __negd
0000bd88                _IRQ_globalDisable
0000bd95                _CSL_init
0000bda1                _IRQ_globalRestore
0000bdad                __CSL_init
0000bdb8                _remove
0000bdc2                _abort
0000bdc3                C$$EXIT
0000bdc9                _CSL5509_LIB_
0000bdce                ___etext__
0000bdce                etext
            00005ee8    __ctypes_
            0000609a    __stack
            0000622a    __STACK_END
            0000622a    __sys_memory
            000063ba    __sysstack
            0000654c    __CIOBUF_
            0000666c    _CSL_McbspData
            000066d2    _CSL_SysData
            00008000    .bss
            00008000    .data
            00008000    ___bss__
            00008000    ___data__
            00008000    ___edata__
            00008000    _flash_data
            00008000    edata
            0000ba4e    _myConfig
            0000ba52    _I2Cinit
            0000ba59    _ConfigLoopBack32_0
            0000ba74    _mhMcbsp0
            0000ba75    __ftable
            0000bab1    __tmpnams
            0000bb51    __ft_end
            0000bc80    __lock
            0000bc82    __unlock
            0000bc84    __cleanup_ptr
            0000bc86    __dtors_ptr
            0000bc8c    ___end__
            0000bc8c    end
00ffff00                _Reset
ffffffff                ___binit__
ffffffff                ___c_args__
ffffffff                ___pinit__
ffffffff                binit
ffffffff                pinit

[158 symbols]
